Component: ARM Compiler 5.05 update 1 (build 106) Tool: armlink [4d0efa]

==============================================================================

Section Cross References

    system_stm32f10x.o(.text) refers to system_stm32f10x.o(.data) for SystemCoreClock
    dot.o(.text) refers to sys.o(.text) for MY_NVIC_PriorityGroupConfig
    dot.o(.text) refers to delay.o(.text) for delay_init
    dot.o(.text) refers to key.o(.text) for KEY_Init
    dot.o(.text) refers to motor.o(.text) for MiniBalance_Motor_Init
    dot.o(.text) refers to usart.o(.text) for uart_init
    dot.o(.text) refers to usart2.o(.text) for uart2_init
    dot.o(.text) refers to usart3.o(.text) for uart3_init
    dot.o(.text) refers to encoder.o(.text) for Encoder_Init_TIM2
    dot.o(.text) refers to ioi2c.o(.text) for IIC_Init
    dot.o(.text) refers to oled.o(.text) for OLED_Init
    dot.o(.text) refers to show.o(.text) for fill_picture
    dot.o(.text) refers to lcd_init.o(.text) for LCD_Init
    dot.o(.text) refers to lcd.o(.text) for LCD_Fill
    dot.o(.text) refers to mpu6050.o(.text) for MPU6050_initialize
    dot.o(.text) refers to vl53l0x.o(.text) for vl53l0x_init1
    dot.o(.text) refers to vl53l0x_gen.o(.text) for vl53l0x_general_start
    dot.o(.text) refers to adc.o(.text) for Adc_Init
    dot.o(.text) refers to timer.o(.text) for Timer1_Init
    dot.o(.text) refers to dot.o(.data) for vl5310_flag
    dot.o(.text) refers to vl53l0x.o(.bss) for vl53l0x_dev1
    startup_stm32f10x_md.o(STACK) refers (Special) to heapauxi.o(.text) for __use_two_region_memory
    startup_stm32f10x_md.o(HEAP) refers (Special) to heapauxi.o(.text) for __use_two_region_memory
    startup_stm32f10x_md.o(RESET) refers (Special) to heapauxi.o(.text) for __use_two_region_memory
    startup_stm32f10x_md.o(RESET) refers to startup_stm32f10x_md.o(STACK) for __initial_sp
    startup_stm32f10x_md.o(RESET) refers to startup_stm32f10x_md.o(.text) for Reset_Handler
    startup_stm32f10x_md.o(RESET) refers to stm32f10x_it.o(.text) for NMI_Handler
    startup_stm32f10x_md.o(RESET) refers to vl53l0x_it.o(.text) for EXTI4_IRQHandler
    startup_stm32f10x_md.o(RESET) refers to control.o(.text) for TIM1_UP_IRQHandler
    startup_stm32f10x_md.o(RESET) refers to encoder.o(.text) for TIM2_IRQHandler
    startup_stm32f10x_md.o(RESET) refers to usart2.o(.text) for USART2_IRQHandler
    startup_stm32f10x_md.o(RESET) refers to usart3.o(.text) for USART3_IRQHandler
    startup_stm32f10x_md.o(.text) refers (Special) to heapauxi.o(.text) for __use_two_region_memory
    startup_stm32f10x_md.o(.text) refers to system_stm32f10x.o(.text) for SystemInit
    startup_stm32f10x_md.o(.text) refers to __main.o(!!!main) for __main
    startup_stm32f10x_md.o(.text) refers to startup_stm32f10x_md.o(HEAP) for Heap_Mem
    startup_stm32f10x_md.o(.text) refers to startup_stm32f10x_md.o(STACK) for Stack_Mem
    stm32f10x_adc.o(.text) refers to stm32f10x_rcc.o(.text) for RCC_APB2PeriphResetCmd
    stm32f10x_bkp.o(.text) refers to stm32f10x_rcc.o(.text) for RCC_BackupResetCmd
    stm32f10x_can.o(.text) refers to stm32f10x_rcc.o(.text) for RCC_APB1PeriphResetCmd
    stm32f10x_cec.o(.text) refers to stm32f10x_rcc.o(.text) for RCC_APB1PeriphResetCmd
    stm32f10x_dac.o(.text) refers to stm32f10x_rcc.o(.text) for RCC_APB1PeriphResetCmd
    stm32f10x_gpio.o(.text) refers to stm32f10x_rcc.o(.text) for RCC_APB2PeriphResetCmd
    stm32f10x_i2c.o(.text) refers to stm32f10x_rcc.o(.text) for RCC_APB1PeriphResetCmd
    stm32f10x_pwr.o(.text) refers to stm32f10x_rcc.o(.text) for RCC_APB1PeriphResetCmd
    stm32f10x_rcc.o(.text) refers to stm32f10x_rcc.o(.data) for APBAHBPrescTable
    stm32f10x_spi.o(.text) refers to stm32f10x_rcc.o(.text) for RCC_APB2PeriphResetCmd
    stm32f10x_tim.o(.text) refers to stm32f10x_rcc.o(.text) for RCC_APB2PeriphResetCmd
    stm32f10x_usart.o(.text) refers to stm32f10x_rcc.o(.text) for RCC_APB2PeriphResetCmd
    stm32f10x_wwdg.o(.text) refers to stm32f10x_rcc.o(.text) for RCC_APB1PeriphResetCmd
    delay.o(.text) refers to misc.o(.text) for SysTick_CLKSourceConfig
    delay.o(.text) refers to system_stm32f10x.o(.data) for SystemCoreClock
    delay.o(.text) refers to delay.o(.data) for fac_us
    sys.o(.text) refers to sys.o(.emb_text) for WFI_SET
    usart.o(.text) refers (Special) to use_no_semi_2.o(.text) for __use_no_semihosting
    usart.o(.text) refers to stm32f10x_rcc.o(.text) for RCC_APB2PeriphClockCmd
    usart.o(.text) refers to stm32f10x_gpio.o(.text) for GPIO_Init
    usart.o(.text) refers to stm32f10x_usart.o(.text) for USART_Init
    usart.o(.text) refers to dot.o(.data) for Flag_Show
    usart.o(.data) refers (Special) to use_no_semi_2.o(.text) for __use_no_semihosting
    adc.o(.text) refers to stm32f10x_rcc.o(.text) for RCC_APB2PeriphClockCmd
    adc.o(.text) refers to stm32f10x_gpio.o(.text) for GPIO_Init
    adc.o(.text) refers to stm32f10x_adc.o(.text) for ADC_DeInit
[...]
    mpu_get_temperature                      0x080069b5   Thumb Code   150  inv_mpu.o(.text)
    mpu_set_accel_bias                       0x08006a4b   Thumb Code   468  inv_mpu.o(.text)
    mpu_get_gyro_fsr                         0x08006c1f   Thumb Code    64  inv_mpu.o(.text)
    mpu_get_accel_fsr                        0x08006c5f   Thumb Code    72  inv_mpu.o(.text)
    mpu_get_lpf                              0x08006ca7   Thumb Code    74  inv_mpu.o(.text)
    mpu_get_sample_rate                      0x08006cf1   Thumb Code    26  inv_mpu.o(.text)
    mpu_get_compass_sample_rate              0x08006d0b   Thumb Code    10  inv_mpu.o(.text)
    mpu_set_compass_sample_rate              0x08006d15   Thumb Code     8  inv_mpu.o(.text)
    mpu_get_gyro_sens                        0x08006d1d   Thumb Code    58  inv_mpu.o(.text)
    mpu_get_accel_sens                       0x08006d57   Thumb Code    78  inv_mpu.o(.text)
    mpu_get_fifo_config                      0x08006da5   Thumb Code    12  inv_mpu.o(.text)
    mpu_get_power_state                      0x08006db1   Thumb Code    22  inv_mpu.o(.text)
    mpu_get_int_status                       0x08006dc7   Thumb Code    64  inv_mpu.o(.text)
    mpu_read_fifo                            0x08006e07   Thumb Code   520  inv_mpu.o(.text)
    mpu_read_fifo_stream                     0x0800700f   Thumb Code   186  inv_mpu.o(.text)
    mpu_set_int_level                        0x080070c9   Thumb Code    12  inv_mpu.o(.text)
    mpu_set_dmp_state                        0x080077a9   Thumb Code   138  inv_mpu.o(.text)
    mpu_run_self_test                        0x08007833   Thumb Code   278  inv_mpu.o(.text)
    mpu_write_mem                            0x08007949   Thumb Code   122  inv_mpu.o(.text)
    mpu_read_mem                             0x080079c3   Thumb Code   122  inv_mpu.o(.text)
    mpu_load_firmware                        0x08007a3d   Thumb Code   190  inv_mpu.o(.text)
    mpu_get_dmp_state                        0x08007afb   Thumb Code    14  inv_mpu.o(.text)
    mpu_get_compass_reg                      0x08007b09   Thumb Code     8  inv_mpu.o(.text)
    mpu_get_compass_fsr                      0x08007b11   Thumb Code     8  inv_mpu.o(.text)
    mpu_lp_motion_interrupt                  0x08007b19   Thumb Code   512  inv_mpu.o(.text)
    dmp_load_motion_driver_firmware          0x08007d1d   Thumb Code    20  inv_mpu_dmp_motion_driver.o(.text)
    dmp_set_orientation                      0x08007d31   Thumb Code   290  inv_mpu_dmp_motion_driver.o(.text)
    dmp_set_gyro_bias                        0x08007e53   Thumb Code   294  inv_mpu_dmp_motion_driver.o(.text)
    dmp_set_accel_bias                       0x08007f79   Thumb Code   300  inv_mpu_dmp_motion_driver.o(.text)
    dmp_set_fifo_rate                        0x080080a5   Thumb Code   136  inv_mpu_dmp_motion_driver.o(.text)
    dmp_get_fifo_rate                        0x0800812d   Thumb Code    12  inv_mpu_dmp_motion_driver.o(.text)
    dmp_set_tap_thresh                       0x08008139   Thumb Code   396  inv_mpu_dmp_motion_driver.o(.text)
    dmp_set_tap_axes                         0x080082c5   Thumb Code    70  inv_mpu_dmp_motion_driver.o(.text)
    dmp_set_tap_count                        0x0800830b   Thumb Code    38  inv_mpu_dmp_motion_driver.o(.text)
    dmp_set_tap_time                         0x08008331   Thumb Code    38  inv_mpu_dmp_motion_driver.o(.text)
    dmp_set_tap_time_multi                   0x08008357   Thumb Code    38  inv_mpu_dmp_motion_driver.o(.text)
    dmp_set_shake_reject_thresh              0x0800837d   Thumb Code    56  inv_mpu_dmp_motion_driver.o(.text)
    dmp_set_shake_reject_time                0x080083b5   Thumb Code    38  inv_mpu_dmp_motion_driver.o(.text)
    dmp_set_shake_reject_timeout             0x080083db   Thumb Code    38  inv_mpu_dmp_motion_driver.o(.text)
    dmp_get_pedometer_step_count             0x08008401   Thumb Code    66  inv_mpu_dmp_motion_driver.o(.text)
    dmp_set_pedometer_step_count             0x08008443   Thumb Code    42  inv_mpu_dmp_motion_driver.o(.text)
    dmp_get_pedometer_walk_time              0x0800846d   Thumb Code    72  inv_mpu_dmp_motion_driver.o(.text)
    dmp_set_pedometer_walk_time              0x080084b5   Thumb Code    48  inv_mpu_dmp_motion_driver.o(.text)
    dmp_enable_6x_lp_quat                    0x080084e5   Thumb Code    84  inv_mpu_dmp_motion_driver.o(.text)
    dmp_enable_lp_quat                       0x08008539   Thumb Code    60  inv_mpu_dmp_motion_driver.o(.text)
    dmp_enable_gyro_cal                      0x08008575   Thumb Code    62  inv_mpu_dmp_motion_driver.o(.text)
    dmp_enable_feature                       0x080085b3   Thumb Code   530  inv_mpu_dmp_motion_driver.o(.text)
    dmp_get_enabled_features                 0x080087c5   Thumb Code    12  inv_mpu_dmp_motion_driver.o(.text)
    dmp_set_interrupt_mode                   0x0800882f   Thumb Code    66  inv_mpu_dmp_motion_driver.o(.text)
    dmp_read_fifo                            0x08008871   Thumb Code   514  inv_mpu_dmp_motion_driver.o(.text)
    dmp_register_tap_cb                      0x08008a73   Thumb Code    10  inv_mpu_dmp_motion_driver.o(.text)
    dmp_register_android_orient_cb           0x08008a7d   Thumb Code    10  inv_mpu_dmp_motion_driver.o(.text)
    Kalman_Filter_x                          0x08008a8d   Thumb Code   558  filter.o(.text)
    Complementary_Filter_x                   0x08008cbb   Thumb Code    82  filter.o(.text)
    Kalman_Filter_y                          0x08008d0d   Thumb Code   680  filter.o(.text)
    Complementary_Filter_y                   0x08008fb5   Thumb Code    82  filter.o(.text)
    oled_show                                0x08009039   Thumb Code  1276  show.o(.text)
    lcd_show                                 0x08009535   Thumb Code  1970  show.o(.text)
    fill_picture                             0x08009ce7   Thumb Code    64  show.o(.text)
    VL53L0X_GetVersion                       0x08009d49   Thumb Code    24  vl53l0x_api.o(.text)
    VL53L0X_GetPalSpecVersion                0x08009d61   Thumb Code    24  vl53l0x_api.o(.text)
    VL53L0X_GetProductRevision               0x08009d79   Thumb Code    38  vl53l0x_api.o(.text)
    VL53L0X_GetDeviceInfo                    0x08009d9f   Thumb Code    22  vl53l0x_api.o(.text)
    VL53L0X_GetDeviceErrorStatus             0x08009db5   Thumb Code    34  vl53l0x_api.o(.text)
    VL53L0X_GetDeviceErrorString             0x08009dd7   Thumb Code    22  vl53l0x_api.o(.text)
    VL53L0X_GetRangeStatusString             0x08009ded   Thumb Code    22  vl53l0x_api.o(.text)
    VL53L0X_GetPalErrorString                0x08009e03   Thumb Code    22  vl53l0x_api.o(.text)
    VL53L0X_GetPalStateString                0x08009e19   Thumb Code    22  vl53l0x_api.o(.text)
    VL53L0X_GetPalState                      0x08009e2f   Thumb Code    12  vl53l0x_api.o(.text)
    VL53L0X_GetVcselPulsePeriod              0x08009e3b   Thumb Code    30  vl53l0x_api.o(.text)
    VL53L0X_SetMeasurementTimingBudgetMicroSeconds 0x08009e59   Thumb Code    22  vl53l0x_api.o(.text)
    VL53L0X_SetSequenceStepEnable            0x08009e6f   Thumb Code   196  vl53l0x_api.o(.text)
    VL53L0X_GetFractionEnable                0x08009f33   Thumb Code    34  vl53l0x_api.o(.text)
    VL53L0X_GetMeasurementTimingBudgetMicroSeconds 0x08009f55   Thumb Code    22  vl53l0x_api.o(.text)
    VL53L0X_GetWrapAroundCheckEnable         0x08009f6b   Thumb Code    62  vl53l0x_api.o(.text)
    VL53L0X_GetLimitCheckEnable              0x08009fa9   Thumb Code    28  vl53l0x_api.o(.text)
    VL53L0X_GetLimitCheckValue               0x08009fc5   Thumb Code   182  vl53l0x_api.o(.text)
    VL53L0X_GetOffsetCalibrationDataMicroMeter 0x0800a07b   Thumb Code    22  vl53l0x_api.o(.text)
    VL53L0X_GetXTalkCompensationRateMegaCps  0x0800a091   Thumb Code    56  vl53l0x_api.o(.text)
    VL53L0X_GetInterMeasurementPeriodMilliSeconds 0x0800a0c9   Thumb Code    62  vl53l0x_api.o(.text)
    VL53L0X_GetDeviceMode                    0x0800a107   Thumb Code    10  vl53l0x_api.o(.text)
    VL53L0X_GetDeviceParameters              0x0800a111   Thumb Code   160  vl53l0x_api.o(.text)
    VL53L0X_ClearInterruptMask               0x0800a1b1   Thumb Code    82  vl53l0x_api.o(.text)
    VL53L0X_SetGpioConfig                    0x0800a203   Thumb Code   358  vl53l0x_api.o(.text)
    VL53L0X_StaticInit                       0x0800a369   Thumb Code   410  vl53l0x_api.o(.text)
    VL53L0X_SetPowerMode                     0x0800a503   Thumb Code    84  vl53l0x_api.o(.text)
    VL53L0X_GetPowerMode                     0x0800a557   Thumb Code    48  vl53l0x_api.o(.text)
    VL53L0X_SetOffsetCalibrationDataMicroMeter 0x0800a587   Thumb Code    22  vl53l0x_api.o(.text)
    VL53L0X_SetLinearityCorrectiveGain       0x0800a59d   Thumb Code    50  vl53l0x_api.o(.text)
    VL53L0X_GetLinearityCorrectiveGain       0x0800a5cf   Thumb Code    12  vl53l0x_api.o(.text)
    VL53L0X_SetGroupParamHold                0x0800a5db   Thumb Code     8  vl53l0x_api.o(.text)
    VL53L0X_GetUpperLimitMilliMeter          0x0800a5e3   Thumb Code     8  vl53l0x_api.o(.text)
    VL53L0X_GetTotalSignalRate               0x0800a5eb   Thumb Code    40  vl53l0x_api.o(.text)
    VL53L0X_SetDeviceAddress                 0x0800a613   Thumb Code    36  vl53l0x_api.o(.text)
    VL53L0X_SetLimitCheckValue               0x0800a637   Thumb Code   118  vl53l0x_api.o(.text)
    VL53L0X_SetLimitCheckEnable              0x0800a6ad   Thumb Code   194  vl53l0x_api.o(.text)
    VL53L0X_DataInit                         0x0800a76f   Thumb Code   420  vl53l0x_api.o(.text)
    VL53L0X_SetTuningSettingBuffer           0x0800a913   Thumb Code    40  vl53l0x_api.o(.text)
    VL53L0X_GetTuningSettingBuffer           0x0800a93b   Thumb Code    20  vl53l0x_api.o(.text)
    VL53L0X_WaitDeviceBooted                 0x0800a94f   Thumb Code     8  vl53l0x_api.o(.text)
    VL53L0X_ResetDevice                      0x0800a957   Thumb Code   102  vl53l0x_api.o(.text)
    VL53L0X_SetWrapAroundCheckEnable         0x0800a9bd   Thumb Code    80  vl53l0x_api.o(.text)
    VL53L0X_SetXTalkCompensationRateMegaCps  0x0800aa0d   Thumb Code    64  vl53l0x_api.o(.text)
    VL53L0X_SetInterMeasurementPeriodMilliSeconds 0x0800aa4d   Thumb Code    60  vl53l0x_api.o(.text)
    VL53L0X_SetDeviceMode                    0x0800aa89   Thumb Code    50  vl53l0x_api.o(.text)
    VL53L0X_SetDeviceParameters              0x0800aabb   Thumb Code   146  vl53l0x_api.o(.text)
    VL53L0X_SetRangeFractionEnable           0x0800ab4d   Thumb Code    30  vl53l0x_api.o(.text)
    VL53L0X_SetHistogramMode                 0x0800ab6b   Thumb Code     8  vl53l0x_api.o(.text)
    VL53L0X_GetHistogramMode                 0x0800ab73   Thumb Code     8  vl53l0x_api.o(.text)
    VL53L0X_SetVcselPulsePeriod              0x0800ab7b   Thumb Code    42  vl53l0x_api.o(.text)
    sequence_step_enabled                    0x0800aba5   Thumb Code    72  vl53l0x_api.o(.text)
    VL53L0X_GetSequenceStepEnable            0x0800abed   Thumb Code    48  vl53l0x_api.o(.text)
    VL53L0X_GetSequenceStepEnables           0x0800ac1d   Thumb Code   118  vl53l0x_api.o(.text)
    VL53L0X_GetNumberOfSequenceSteps         0x0800ac93   Thumb Code    10  vl53l0x_api.o(.text)
    VL53L0X_GetSequenceStepsInfo             0x0800ac9d   Thumb Code    22  vl53l0x_api.o(.text)
    VL53L0X_SetSequenceStepTimeout           0x0800acb3   Thumb Code   110  vl53l0x_api.o(.text)
    VL53L0X_GetSequenceStepTimeout           0x0800ad21   Thumb Code    56  vl53l0x_api.o(.text)
    VL53L0X_SetXTalkCompensationEnable       0x0800ad59   Thumb Code    62  vl53l0x_api.o(.text)
    VL53L0X_GetXTalkCompensationEnable       0x0800ad97   Thumb Code    12  vl53l0x_api.o(.text)
    VL53L0X_SetRefCalibration                0x0800ada3   Thumb Code    30  vl53l0x_api.o(.text)
    VL53L0X_GetRefCalibration                0x0800adc1   Thumb Code    30  vl53l0x_api.o(.text)
    VL53L0X_GetNumberOfLimitCheck            0x0800addf   Thumb Code    10  vl53l0x_api.o(.text)
    VL53L0X_GetLimitCheckInfo                0x0800ade9   Thumb Code    30  vl53l0x_api.o(.text)
    VL53L0X_GetLimitCheckStatus              0x0800ae07   Thumb Code    24  vl53l0x_api.o(.text)
    VL53L0X_GetLimitCheckCurrent             0x0800ae1f   Thumb Code   136  vl53l0x_api.o(.text)
    VL53L0X_SetDmaxCalParameters             0x0800aea7   Thumb Code    62  vl53l0x_api.o(.text)
    VL53L0X_GetDmaxCalParameters             0x0800aee5   Thumb Code    20  vl53l0x_api.o(.text)
    VL53L0X_GetInterruptThresholds           0x0800aef9   Thumb Code    66  vl53l0x_api.o(.text)
    VL53L0X_CheckAndLoadInterruptSettings    0x0800af3b   Thumb Code   126  vl53l0x_api.o(.text)
    VL53L0X_StartMeasurement                 0x0800afb9   Thumb Code   268  vl53l0x_api.o(.text)
    VL53L0X_PerformSingleMeasurement         0x0800b0c5   Thumb Code    60  vl53l0x_api.o(.text)
    VL53L0X_PerformSingleHistogramMeasurement 0x0800b101   Thumb Code     8  vl53l0x_api.o(.text)
    VL53L0X_PerformRefCalibration            0x0800b109   Thumb Code    32  vl53l0x_api.o(.text)
    VL53L0X_PerformXTalkMeasurement          0x0800b129   Thumb Code    10  vl53l0x_api.o(.text)
    VL53L0X_PerformXTalkCalibration          0x0800b133   Thumb Code    30  vl53l0x_api.o(.text)
    VL53L0X_PerformOffsetCalibration         0x0800b151   Thumb Code    30  vl53l0x_api.o(.text)
    VL53L0X_StopMeasurement                  0x0800b16f   Thumb Code   102  vl53l0x_api.o(.text)
    VL53L0X_GetInterruptMaskStatus           0x0800b1d5   Thumb Code    48  vl53l0x_api.o(.text)
    VL53L0X_GetMeasurementDataReady          0x0800b205   Thumb Code    86  vl53l0x_api.o(.text)
    VL53L0X_WaitDeviceReadyForNewMeasurement 0x0800b25b   Thumb Code     8  vl53l0x_api.o(.text)
    VL53L0X_GetRangingMeasurementData        0x0800b263   Thumb Code   372  vl53l0x_api.o(.text)
    VL53L0X_GetMeasurementRefSignal          0x0800b3d7   Thumb Code    46  vl53l0x_api.o(.text)
    VL53L0X_GetHistogramMeasurementData      0x0800b405   Thumb Code     8  vl53l0x_api.o(.text)
    VL53L0X_PerformSingleRangingMeasurement  0x0800b40d   Thumb Code    56  vl53l0x_api.o(.text)
    VL53L0X_SetNumberOfROIZones              0x0800b445   Thumb Code    12  vl53l0x_api.o(.text)
    VL53L0X_GetNumberOfROIZones              0x0800b451   Thumb Code    10  vl53l0x_api.o(.text)
    VL53L0X_GetMaxNumberOfROIZones           0x0800b45b   Thumb Code    10  vl53l0x_api.o(.text)
    VL53L0X_GetGpioConfig                    0x0800b465   Thumb Code   160  vl53l0x_api.o(.text)
    VL53L0X_SetInterruptThresholds           0x0800b505   Thumb Code    54  vl53l0x_api.o(.text)
    VL53L0X_GetStopCompletedStatus           0x0800b53b   Thumb Code   154  vl53l0x_api.o(.text)
    VL53L0X_EnableInterruptMask              0x0800b5d5   Thumb Code     8  vl53l0x_api.o(.text)
    VL53L0X_SetSpadAmbientDamperThreshold    0x0800b5dd   Thumb Code    48  vl53l0x_api.o(.text)
    VL53L0X_GetSpadAmbientDamperThreshold    0x0800b60d   Thumb Code    48  vl53l0x_api.o(.text)
    VL53L0X_SetSpadAmbientDamperFactor       0x0800b63d   Thumb Code    54  vl53l0x_api.o(.text)
    VL53L0X_GetSpadAmbientDamperFactor       0x0800b673   Thumb Code    54  vl53l0x_api.o(.text)
    VL53L0X_SetReferenceSpads                0x0800b6a9   Thumb Code    30  vl53l0x_api.o(.text)
    VL53L0X_GetReferenceSpads                0x0800b6c7   Thumb Code    30  vl53l0x_api.o(.text)
    VL53L0X_PerformRefSpadManagement         0x0800b6e5   Thumb Code    30  vl53l0x_api.o(.text)
    VL53L0X_perform_xtalk_calibration        0x0800b705   Thumb Code   296  vl53l0x_api_calibration_1.o(.text)
    VL53L0X_perform_offset_calibration       0x0800b82d   Thumb Code   228  vl53l0x_api_calibration_1.o(.text)
    VL53L0X_set_offset_calibration_data_micro_meter 0x0800b911   Thumb Code    74  vl53l0x_api_calibration_1.o(.text)
    VL53L0X_get_offset_calibration_data_micro_meter 0x0800b95b   Thumb Code    86  vl53l0x_api_calibration_1.o(.text)
    VL53L0X_apply_offset_adjustment          0x0800b9b1   Thumb Code    58  vl53l0x_api_calibration_1.o(.text)
    get_next_good_spad                       0x0800b9eb   Thumb Code   104  vl53l0x_api_calibration_1.o(.text)
    is_aperture                              0x0800ba53   Thumb Code    18  vl53l0x_api_calibration_1.o(.text)
    enable_spad_bit                          0x0800ba65   Thumb Code    50  vl53l0x_api_calibration_1.o(.text)
    count_enabled_spads                      0x0800ba97   Thumb Code   180  vl53l0x_api_calibration_1.o(.text)
    set_ref_spad_map                         0x0800bb4b   Thumb Code    24  vl53l0x_api_calibration_1.o(.text)
    get_ref_spad_map                         0x0800bb63   Thumb Code    24  vl53l0x_api_calibration_1.o(.text)
    enable_ref_spads                         0x0800bb7b   Thumb Code   172  vl53l0x_api_calibration_1.o(.text)
    perform_ref_signal_measurement           0x0800bc27   Thumb Code   110  vl53l0x_api_calibration_1.o(.text)
    VL53L0X_ref_calibration_io               0x0800bc95   Thumb Code   190  vl53l0x_api_calibration_1.o(.text)
    VL53L0X_perform_single_ref_calibration   0x0800bd53   Thumb Code    64  vl53l0x_api_calibration_1.o(.text)
    VL53L0X_perform_phase_calibration        0x0800bd93   Thumb Code   124  vl53l0x_api_calibration_1.o(.text)
    VL53L0X_perform_vhv_calibration          0x0800be0f   Thumb Code   126  vl53l0x_api_calibration_1.o(.text)
    VL53L0X_perform_ref_calibration          0x0800be8d   Thumb Code    76  vl53l0x_api_calibration_1.o(.text)
    VL53L0X_perform_ref_spad_management      0x0800bed9   Thumb Code   658  vl53l0x_api_calibration_1.o(.text)
    VL53L0X_set_reference_spads              0x0800c16b   Thumb Code   194  vl53l0x_api_calibration_1.o(.text)
    VL53L0X_get_reference_spads              0x0800c22d   Thumb Code   120  vl53l0x_api_calibration_1.o(.text)
    VL53L0X_set_ref_calibration              0x0800c2a5   Thumb Code    46  vl53l0x_api_calibration_1.o(.text)
    VL53L0X_get_ref_calibration              0x0800c2d3   Thumb Code    48  vl53l0x_api_calibration_1.o(.text)
    VL53L0X_reverse_bytes                    0x0800c305   Thumb Code    34  vl53l0x_api_core.o(.text)
    VL53L0X_measurement_poll_for_completion  0x0800c327   Thumb Code    66  vl53l0x_api_core.o(.text)
    VL53L0X_decode_vcsel_period              0x0800c369   Thumb Code    12  vl53l0x_api_core.o(.text)
    VL53L0X_encode_vcsel_period              0x0800c375   Thumb Code    14  vl53l0x_api_core.o(.text)
    VL53L0X_isqrt                            0x0800c383   Thumb Code    44  vl53l0x_api_core.o(.text)
    VL53L0X_quadrature_sum                   0x0800c3af   Thumb Code    44  vl53l0x_api_core.o(.text)
    VL53L0X_device_read_strobe               0x0800c3db   Thumb Code    82  vl53l0x_api_core.o(.text)
    VL53L0X_get_info_from_device             0x0800c42d   Thumb Code  1354  vl53l0x_api_core.o(.text)
    VL53L0X_calc_macro_period_ps             0x0800c977   Thumb Code    22  vl53l0x_api_core.o(.text)
    VL53L0X_encode_timeout                   0x0800c98d   Thumb Code    40  vl53l0x_api_core.o(.text)
    VL53L0X_decode_timeout                   0x0800c9b5   Thumb Code    14  vl53l0x_api_core.o(.text)
    VL53L0X_calc_timeout_mclks               0x0800c9c3   Thumb Code    52  vl53l0x_api_core.o(.text)
    VL53L0X_calc_timeout_us                  0x0800c9f7   Thumb Code    52  vl53l0x_api_core.o(.text)
    get_sequence_step_timeout                0x0800ca2b   Thumb Code   290  vl53l0x_api_core.o(.text)
    set_sequence_step_timeout                0x0800cb4d   Thumb Code   306  vl53l0x_api_core.o(.text)
    VL53L0X_set_vcsel_pulse_period           0x0800cc7f   Thumb Code   766  vl53l0x_api_core.o(.text)
    VL53L0X_get_vcsel_pulse_period           0x0800cf7d   Thumb Code    70  vl53l0x_api_core.o(.text)
    VL53L0X_set_measurement_timing_budget_micro_seconds 0x0800cfc3   Thumb Code   294  vl53l0x_api_core.o(.text)
    VL53L0X_get_measurement_timing_budget_micro_seconds 0x0800d0e9   Thumb Code   238  vl53l0x_api_core.o(.text)
    VL53L0X_load_tuning_settings             0x0800d1d7   Thumb Code   234  vl53l0x_api_core.o(.text)
    VL53L0X_get_total_xtalk_rate             0x0800d2c1   Thumb Code    58  vl53l0x_api_core.o(.text)
    VL53L0X_get_total_signal_rate            0x0800d2fb   Thumb Code    40  vl53l0x_api_core.o(.text)
    VL53L0X_calc_dmax                        0x0800d323   Thumb Code   390  vl53l0x_api_core.o(.text)
    VL53L0X_calc_sigma_estimate              0x0800d4a9   Thumb Code   788  vl53l0x_api_core.o(.text)
    VL53L0X_get_pal_range_status             0x0800d7bd   Thumb Code   564  vl53l0x_api_core.o(.text)
    VL53L0X_check_part_used                  0x0800d9f1   Thumb Code    74  vl53l0x_api_strings.o(.text)
    VL53L0X_get_device_info                  0x0800da3b   Thumb Code   152  vl53l0x_api_strings.o(.text)
    VL53L0X_get_device_error_string          0x0800dad3   Thumb Code   198  vl53l0x_api_strings.o(.text)
    VL53L0X_get_range_status_string          0x0800db99   Thumb Code    98  vl53l0x_api_strings.o(.text)
    VL53L0X_get_pal_error_string             0x0800dbfb   Thumb Code   298  vl53l0x_api_strings.o(.text)
    VL53L0X_get_pal_state_string             0x0800dd25   Thumb Code  1078  vl53l0x_api_strings.o(.text)
    VL53L0X_get_sequence_steps_info          0x0800e15b   Thumb Code    84  vl53l0x_api_strings.o(.text)
    VL53L0X_get_limit_check_info             0x0800e1af   Thumb Code   106  vl53l0x_api_strings.o(.text)
    VL53L0X_i2c_init                         0x0800e335   Thumb Code    60  vl53l0x_i2c.o(.text)
    VL_IIC_Start                             0x0800e371   Thumb Code    68  vl53l0x_i2c.o(.text)
    VL_IIC_Stop                              0x0800e3b5   Thumb Code    70  vl53l0x_i2c.o(.text)
    VL_IIC_Wait_Ack                          0x0800e3fb   Thumb Code    90  vl53l0x_i2c.o(.text)
    VL_IIC_Ack                               0x0800e455   Thumb Code    74  vl53l0x_i2c.o(.text)
    VL_IIC_NAck                              0x0800e49f   Thumb Code    74  vl53l0x_i2c.o(.text)
    VL_IIC_Send_Byte                         0x0800e4e9   Thumb Code   108  vl53l0x_i2c.o(.text)
    VL_IIC_Read_Byte                         0x0800e555   Thumb Code   104  vl53l0x_i2c.o(.text)
    VL_IIC_Write_1Byte                       0x0800e5bd   Thumb Code    60  vl53l0x_i2c.o(.text)
    VL_IIC_Read_1Byte                        0x0800e5f9   Thumb Code    74  vl53l0x_i2c.o(.text)
    VL_IIC_Write_nByte                       0x0800e643   Thumb Code    80  vl53l0x_i2c.o(.text)
    VL_IIC_Read_nByte                        0x0800e693   Thumb Code   106  vl53l0x_i2c.o(.text)
    VL53L0X_write_multi                      0x0800e6fd   Thumb Code    40  vl53l0x_i2c.o(.text)
    VL53L0X_read_multi                       0x0800e725   Thumb Code    52  vl53l0x_i2c.o(.text)
    VL53L0X_write_byte                       0x0800e759   Thumb Code    26  vl53l0x_i2c.o(.text)
    VL53L0X_write_word                       0x0800e773   Thumb Code    86  vl53l0x_i2c.o(.text)
    VL53L0X_write_dword                      0x0800e7c9   Thumb Code    52  vl53l0x_i2c.o(.text)
    VL53L0X_read_byte                        0x0800e7fd   Thumb Code    32  vl53l0x_i2c.o(.text)
    VL53L0X_read_word                        0x0800e81d   Thumb Code    42  vl53l0x_i2c.o(.text)
    VL53L0X_read_dword                       0x0800e847   Thumb Code    58  vl53l0x_i2c.o(.text)
    VL53L0X_WriteMulti                       0x0800e881   Thumb Code    60  vl53l0x_platform.o(.text)
    VL53L0X_ReadMulti                        0x0800e8bd   Thumb Code    54  vl53l0x_platform.o(.text)
    VL53L0X_WrByte                           0x0800e8f3   Thumb Code    44  vl53l0x_platform.o(.text)
    VL53L0X_WrWord                           0x0800e91f   Thumb Code    44  vl53l0x_platform.o(.text)
    VL53L0X_WrDWord                          0x0800e94b   Thumb Code    44  vl53l0x_platform.o(.text)
    VL53L0X_UpdateByte                       0x0800e977   Thumb Code    82  vl53l0x_platform.o(.text)
    VL53L0X_RdByte                           0x0800e9c9   Thumb Code    44  vl53l0x_platform.o(.text)
    VL53L0X_RdWord                           0x0800e9f5   Thumb Code    44  vl53l0x_platform.o(.text)
    VL53L0X_RdDWord                          0x0800ea21   Thumb Code    44  vl53l0x_platform.o(.text)
    VL53L0X_PollingDelay                     0x0800ea4d   Thumb Code    26  vl53l0x_platform.o(.text)
    print_pal_error                          0x0800ea69   Thumb Code    18  vl53l0x.o(.text)
    vl53l0x_Addr_set                         0x0800ea7b   Thumb Code   136  vl53l0x.o(.text)
    vl53l0x_reset                            0x0800eb03   Thumb Code    60  vl53l0x.o(.text)
    vl53l0x_init1                            0x0800eb3f   Thumb Code   156  vl53l0x.o(.text)
    vl53l0x_init2                            0x0800ebdb   Thumb Code   162  vl53l0x.o(.text)
    vl53l0x_set_mode                         0x0800ecb5   Thumb Code   400  vl53l0x_gen.o(.text)
    vl53l0x_start_single_test                0x0800ee45   Thumb Code    58  vl53l0x_gen.o(.text)
    vl53l0x_general_start                    0x0800ee7f   Thumb Code    46  vl53l0x_gen.o(.text)
    vl53l0x_read                             0x0800eead   Thumb Code    38  vl53l0x_gen.o(.text)
    EXTI4_IRQHandler                         0x0800ef5b   Thumb Code    16  vl53l0x_it.o(.text)
    vl53l0x_interrupt_test                   0x0800ef6b   Thumb Code    14  vl53l0x_it.o(.text)
    __use_no_semihosting                     0x0800ef85   Thumb Code     2  use_no_semi_2.o(.text)
    __aeabi_ldivmod                          0x0800ef87   Thumb Code     0  llsdiv.o(.text)
    _ll_sdiv                                 0x0800ef87   Thumb Code    72  llsdiv.o(.text)
    __2printf                                0x0800efd1   Thumb Code    20  noretval__2printf.o(.text)
    __2sprintf                               0x0800efe9   Thumb Code    34  noretval__2sprintf.o(.text)
    _printf_pre_padding                      0x0800f011   Thumb Code    44  _printf_pad.o(.text)
    _printf_post_padding                     0x0800f03d   Thumb Code    34  _printf_pad.o(.text)
    _printf_int_dec                          0x0800f061   Thumb Code   104  _printf_dec.o(.text)
    __printf                                 0x0800f0d9   Thumb Code   308  __printf_flags_wp.o(.text)
    strstr                                   0x0800f211   Thumb Code    36  strstr.o(.text)
    memcmp                                   0x0800f235   Thumb Code    88  memcmp.o(.text)
    strcpy                                   0x0800f28d   Thumb Code    72  strcpy.o(.text)
    strlen                                   0x0800f2d5   Thumb Code    62  strlen.o(.text)
    __aeabi_memcpy4                          0x0800f313   Thumb Code     0  rt_memcpy_w.o(.text)
    __aeabi_memcpy8                          0x0800f313   Thumb Code     0  rt_memcpy_w.o(.text)
    __rt_memcpy_w                            0x0800f313   Thumb Code   100  rt_memcpy_w.o(.text)
    _memcpy_lastbytes_aligned                0x0800f35b   Thumb Code     0  rt_memcpy_w.o(.text)
    __aeabi_memset                           0x0800f377   Thumb Code    16  aeabi_memset.o(.text)
    __aeabi_memclr                           0x0800f387   Thumb Code     0  rt_memclr.o(.text)
    __rt_memclr                              0x0800f387   Thumb Code    68  rt_memclr.o(.text)
    _memset                                  0x0800f38b   Thumb Code     0  rt_memclr.o(.text)
    __aeabi_memclr4                          0x0800f3cb   Thumb Code     0  rt_memclr_w.o(.text)
    __aeabi_memclr8                          0x0800f3cb   Thumb Code     0  rt_memclr_w.o(.text)
    __rt_memclr_w                            0x0800f3cb   Thumb Code    78  rt_memclr_w.o(.text)
    _memset_w                                0x0800f3cf   Thumb Code     0  rt_memclr_w.o(.text)
    __use_two_region_memory                  0x0800f419   Thumb Code     2  heapauxi.o(.text)
    __rt_heap_escrow$2region                 0x0800f41b   Thumb Code     2  heapauxi.o(.text)
    __rt_heap_expand$2region                 0x0800f41d   Thumb Code     2  heapauxi.o(.text)
    __I$use$semihosting                      0x0800f41f   Thumb Code     0  use_no_semi.o(.text)
    __use_no_semihosting_swi                 0x0800f41f   Thumb Code     2  use_no_semi.o(.text)
    __aeabi_uldivmod                         0x0800f421   Thumb Code     0  lludivv7m.o(.text)
    _ll_udiv                                 0x0800f421   Thumb Code   238  lludivv7m.o(.text)
    __read_errno                             0x0800f50f   Thumb Code    10  _rserrno.o(.text)
    __set_errno                              0x0800f519   Thumb Code    12  _rserrno.o(.text)
    _printf_int_common                       0x0800f525   Thumb Code   178  _printf_intcommon.o(.text)
    __lib_sel_fp_printf                      0x0800f5d7   Thumb Code     2  _printf_fp_dec.o(.text)
    _printf_fp_dec_real                      0x0800f785   Thumb Code   620  _printf_fp_dec.o(.text)
    _printf_char_common                      0x0800f9fb   Thumb Code    32  _printf_char_common.o(.text)
    _sputc                                   0x0800fa21   Thumb Code    10  _sputc.o(.text)
    _printf_char_file                        0x0800fa2d   Thumb Code    32  _printf_char_file.o(.text)
    __strtod_int                             0x0800fa8d   Thumb Code    88  strtod.o(.text)
    __rt_locale                              0x0800faf1   Thumb Code     8  rt_locale_intlibspace.o(.text)
    __aeabi_errno_addr                       0x0800faf9   Thumb Code     8  rt_errno_addr_intlibspace.o(.text)
    __errno$intlibspace                      0x0800faf9   Thumb Code     0  rt_errno_addr_intlibspace.o(.text)
    __rt_errno_addr$intlibspace              0x0800faf9   Thumb Code     0  rt_errno_addr_intlibspace.o(.text)
    _ll_udiv10                               0x0800fb01   Thumb Code   138  lludiv10.o(.text)
    isspace                                  0x0800fb8b   Thumb Code    18  isspace.o(.text)
    _printf_fp_infnan                        0x0800fb9d   Thumb Code   112  _printf_fp_infnan.o(.text)
    _sgetc                                   0x0800fc1d   Thumb Code    30  _sgetc.o(.text)
    _sbackspace                              0x0800fc3b   Thumb Code    34  _sgetc.o(.text)
    _btod_etento                             0x0800fc5d   Thumb Code   216  bigflt0.o(.text)
    ferror                                   0x0800fd39   Thumb Code     8  ferror.o(.text)
    __user_libspace                          0x0800fd41   Thumb Code     8  libspace.o(.text)
    __user_perproc_libspace                  0x0800fd41   Thumb Code     0  libspace.o(.text)
    __user_perthread_libspace                0x0800fd41   Thumb Code     0  libspace.o(.text)
    __user_setup_stackheap                   0x0800fd49   Thumb Code    74  sys_stackheap_outer.o(.text)
    __rt_ctype_table                         0x0800fd95   Thumb Code    16  rt_ctype_table.o(.text)
    _scanf_really_real                       0x0800ffa1   Thumb Code   668  scanf_fp.o(.text)
    exit                                     0x08010249   Thumb Code    12  exit.o(.text)
    strcmp                                   0x08010255   Thumb Code   128  strcmpv7m.o(.text)
    _scanf_really_hex_real                   0x080102d5   Thumb Code   778  scanf_hexfp.o(.text)
    _scanf_really_infnan                     0x080105ed   Thumb Code   292  scanf_infnan.o(.text)
    __aeabi_llsl                             0x08010721   Thumb Code     0  llshl.o(.text)
    _ll_shift_l                              0x08010721   Thumb Code    38  llshl.o(.text)
    _chval                                   0x08010747   Thumb Code    28  _chval.o(.text)
    _btod_d2e                                0x08010763   Thumb Code    62  btod.o(CL$$btod_d2e)
    _d2e_denorm_low                          0x080107a1   Thumb Code    70  btod.o(CL$$btod_d2e_denorm_low)
    _d2e_norm_op1                            0x080107e7   Thumb Code    96  btod.o(CL$$btod_d2e_norm_op1)
    __btod_div_common                        0x08010847   Thumb Code   696  btod.o(CL$$btod_div_common)
    _e2d                                     0x08010b81   Thumb Code    80  btod.o(CL$$btod_e2d)
    _e2e                                     0x08010bd5   Thumb Code   198  btod.o(CL$$btod_e2e)
    _btod_ediv                               0x08010c9b   Thumb Code    40  btod.o(CL$$btod_ediv)
    _btod_edivd                              0x08010cc3   Thumb Code    40  btod.o(CL$$btod_edivd)
    _btod_emul                               0x08010ceb   Thumb Code    40  btod.o(CL$$btod_emul)
    _btod_emuld                              0x08010d13   Thumb Code    40  btod.o(CL$$btod_emuld)
    __btod_mult_common                       0x08010d3b   Thumb Code   580  btod.o(CL$$btod_mult_common)
    __ARM_fpclassify                         0x08010f7f   Thumb Code    40  fpclassify.o(i.__ARM_fpclassify)
    __kernel_poly                            0x08010fa7   Thumb Code   170  poly.o(i.__kernel_poly)
    __mathlib_dbl_infnan                     0x08011051   Thumb Code     6  dunder.o(i.__mathlib_dbl_infnan)
    __mathlib_dbl_infnan2                    0x08011057   Thumb Code     4  dunder.o(i.__mathlib_dbl_infnan2)
    __mathlib_dbl_invalid                    0x0801105b   Thumb Code    12  dunder.o(i.__mathlib_dbl_invalid)
    __mathlib_dbl_overflow                   0x08011067   Thumb Code    14  dunder.o(i.__mathlib_dbl_overflow)
    __mathlib_dbl_underflow                  0x08011075   Thumb Code    10  dunder.o(i.__mathlib_dbl_underflow)
    __mathlib_narrow                         0x08011085   Thumb Code    16  narrow.o(i.__mathlib_narrow)
    __mathlib_tofloat                        0x08011095   Thumb Code   132  narrow.o(i.__mathlib_tofloat)
    __support_ldexp                          0x0801111d   Thumb Code    22  ldexp.o(i.__support_ldexp)
    _is_digit                                0x08011133   Thumb Code    14  __printf_wp.o(i._is_digit)
    asin                                     0x08011141   Thumb Code   572  asin.o(i.asin)
    atan                                     0x080113b1   Thumb Code   474  atan.o(i.atan)
    atan2                                    0x080115d1   Thumb Code   346  atan2.o(i.atan2)
    frexp                                    0x08011751   Thumb Code    80  frexp.o(i.frexp)
    ldexp                                    0x080117a9   Thumb Code   116  ldexp.o(i.ldexp)
    sqrt                                     0x0801181d   Thumb Code    76  sqrt.o(i.sqrt)
    strtod                                   0x08011869   Thumb Code    28  strtod.o(i.strtod)
    _get_lc_numeric                          0x08011885   Thumb Code    44  lc_numeric_c.o(locale$$code)
    _get_lc_ctype                            0x080118b1   Thumb Code    44  lc_ctype_c.o(locale$$code)
    __aeabi_d2f                              0x080118dd   Thumb Code     0  d2f.o(x$fpl$d2f)
    _d2f                                     0x080118dd   Thumb Code    98  d2f.o(x$fpl$d2f)
    __aeabi_dadd                             0x08011941   Thumb Code     0  daddsub_clz.o(x$fpl$dadd)
    _dadd                                    0x08011941   Thumb Code   332  daddsub_clz.o(x$fpl$dadd)
    __fpl_dcheck_NaN1                        0x08011a91   Thumb Code    10  dcheck1.o(x$fpl$dcheck1)
    __fpl_dcmp_Inf                           0x08011aa1   Thumb Code    24  dcmpi.o(x$fpl$dcmpinf)
    __aeabi_ddiv                             0x08011ab9   Thumb Code     0  ddiv.o(x$fpl$ddiv)
    _ddiv                                    0x08011ab9   Thumb Code   552  ddiv.o(x$fpl$ddiv)
    __aeabi_cdcmpeq                          0x08011d69   Thumb Code     0  deqf.o(x$fpl$deqf)
    _dcmpeq                                  0x08011d69   Thumb Code   120  deqf.o(x$fpl$deqf)
    __aeabi_i2d                              0x08011de1   Thumb Code     0  dflt_clz.o(x$fpl$dflt)
    _dflt                                    0x08011de1   Thumb Code    46  dflt_clz.o(x$fpl$dflt)
    __aeabi_cdcmple                          0x08011e11   Thumb Code     0  dleqf.o(x$fpl$dleqf)
    _dcmple                                  0x08011e11   Thumb Code   120  dleqf.o(x$fpl$dleqf)
    __fpl_dcmple_InfNaN                      0x08011e73   Thumb Code     0  dleqf.o(x$fpl$dleqf)
    __aeabi_dmul                             0x08011e89   Thumb Code     0  dmul.o(x$fpl$dmul)
    _dmul                                    0x08011e89   Thumb Code   332  dmul.o(x$fpl$dmul)
    __fpl_dnaninf                            0x08011fdd   Thumb Code   156  dnaninf.o(x$fpl$dnaninf)
    __fpl_dretinf                            0x08012079   Thumb Code    12  dretinf.o(x$fpl$dretinf)
    __aeabi_cdrcmple                         0x08012085   Thumb Code     0  drleqf.o(x$fpl$drleqf)
    _drcmple                                 0x08012085   Thumb Code   108  drleqf.o(x$fpl$drleqf)
    __aeabi_drsub                            0x080120f1   Thumb Code     0  daddsub_clz.o(x$fpl$drsb)
    _drsb                                    0x080120f1   Thumb Code    22  daddsub_clz.o(x$fpl$drsb)
    _dsqrt                                   0x08012109   Thumb Code   456  dsqrt_noumaal.o(x$fpl$dsqrt)
    __aeabi_dsub                             0x080122d5   Thumb Code     0  daddsub_clz.o(x$fpl$dsub)
    _dsub                                    0x080122d5   Thumb Code   464  daddsub_clz.o(x$fpl$dsub)
    __aeabi_f2d                              0x080124a9   Thumb Code     0  f2d.o(x$fpl$f2d)
    _f2d                                     0x080124a9   Thumb Code    86  f2d.o(x$fpl$f2d)
    __aeabi_fadd                             0x08012501   Thumb Code     0  faddsub_clz.o(x$fpl$fadd)
    _fadd                                    0x08012501   Thumb Code   196  faddsub_clz.o(x$fpl$fadd)
    __fpl_fcmp_Inf                           0x080125c5   Thumb Code    24  fcmpi.o(x$fpl$fcmpinf)
    __aeabi_fdiv                             0x080125dd   Thumb Code     0  fdiv.o(x$fpl$fdiv)
    _fdiv                                    0x080125dd   Thumb Code   384  fdiv.o(x$fpl$fdiv)
    __aeabi_cfcmpeq                          0x08012761   Thumb Code     0  feqf.o(x$fpl$feqf)
    _fcmpeq                                  0x08012761   Thumb Code   104  feqf.o(x$fpl$feqf)
    __aeabi_f2iz                             0x080127c9   Thumb Code     0  ffix.o(x$fpl$ffix)
    _ffix                                    0x080127c9   Thumb Code    54  ffix.o(x$fpl$ffix)
    __aeabi_f2uiz                            0x08012801   Thumb Code     0  ffixu.o(x$fpl$ffixu)
    _ffixu                                   0x08012801   Thumb Code    62  ffixu.o(x$fpl$ffixu)
    __aeabi_i2f                              0x08012841   Thumb Code     0  fflt_clz.o(x$fpl$fflt)
    _fflt                                    0x08012841   Thumb Code    48  fflt_clz.o(x$fpl$fflt)
    __aeabi_ui2f                             0x08012871   Thumb Code     0  fflt_clz.o(x$fpl$ffltu)
    _ffltu                                   0x08012871   Thumb Code    38  fflt_clz.o(x$fpl$ffltu)
    __aeabi_cfcmple                          0x08012899   Thumb Code     0  fleqf.o(x$fpl$fleqf)
    _fcmple                                  0x08012899   Thumb Code   104  fleqf.o(x$fpl$fleqf)
    __fpl_fcmple_InfNaN                      0x080128eb   Thumb Code     0  fleqf.o(x$fpl$fleqf)
    __aeabi_fmul                             0x08012901   Thumb Code     0  fmul.o(x$fpl$fmul)
    _fmul                                    0x08012901   Thumb Code   258  fmul.o(x$fpl$fmul)
    __fpl_fnaninf                            0x08012a03   Thumb Code   140  fnaninf.o(x$fpl$fnaninf)
    __fpl_fretinf                            0x08012a8f   Thumb Code    10  fretinf.o(x$fpl$fretinf)
    __aeabi_cfrcmple                         0x08012a99   Thumb Code     0  frleqf.o(x$fpl$frleqf)
    _frcmple                                 0x08012a99   Thumb Code    98  frleqf.o(x$fpl$frleqf)
    __aeabi_frsub                            0x08012afb   Thumb Code     0  faddsub_clz.o(x$fpl$frsb)
    _frsb                                    0x08012afb   Thumb Code    20  faddsub_clz.o(x$fpl$frsb)
    __aeabi_fsub                             0x08012b11   Thumb Code     0  faddsub_clz.o(x$fpl$fsub)
    _fsub                                    0x08012b11   Thumb Code   234  faddsub_clz.o(x$fpl$fsub)
    _printf_fp_dec                           0x08012bfb   Thumb Code     4  printf1.o(x$fpl$printf1)
    __fpl_return_NaN                         0x08012bff   Thumb Code   100  retnan.o(x$fpl$retnan)
    __ARM_scalbn                             0x08012c63   Thumb Code    92  scalbn.o(x$fpl$scalbn)
    _scanf_real                              0x08012cbf   Thumb Code     4  scanf1.o(x$fpl$scanf1)
    _scanf_hex_real                          0x08012cc3   Thumb Code     4  scanf2.o(x$fpl$scanf2)
    _scanf_infnan                            0x08012cc7   Thumb Code     4  scanf2.o(x$fpl$scanf2)
    __fpl_cmpreturn                          0x08012ccb   Thumb Code    48  trapv.o(x$fpl$trapveneer)
    F6x8                                     0x08012cfa   Data         552  oled.o(.constdata)
    __I$use$fp                               0x08012cfa   Number         0  usenofp.o(x$fpl$usenofp)
    ascii_1206                               0x08012f22   Data        1140  lcd.o(.constdata)
    hw                                       0x08013398   Data          12  inv_mpu.o(.constdata)
    reg                                      0x080133a4   Data          27  inv_mpu.o(.constdata)
    test                                     0x080133c0   Data          40  inv_mpu.o(.constdata)
    __mathlib_zero                           0x080140d8   Data           8  qnan.o(.constdata)
    Region$$Table$$Base                      0x080141c4   Number         0  anon$$obj.o(Region$$Table)
    Region$$Table$$Limit                     0x080141e4   Number         0  anon$$obj.o(Region$$Table)
    __aeabi_HUGE_VAL                         0x080141e4   Data           0  fpconst.o(c$$dinf)
    __aeabi_HUGE_VALL                        0x080141e4   Data           0  fpconst.o(c$$dinf)
    __aeabi_INFINITY                         0x080141e4   Data           0  fpconst.o(c$$dinf)
    __dInf                                   0x080141e4   Data           0  fpconst.o(c$$dinf)
    __huge_val                               0x080141e4   Data           0  fpconst.o(c$$dinf)
    __ctype                                  0x08014215   Data           0  lc_ctype_c.o(locale$$data)
    SystemCoreClock                          0x20000000   Data           4  system_stm32f10x.o(.data)
    AHBPrescTable                            0x20000004   Data          16  system_stm32f10x.o(.data)
    Way_Angle                                0x20000014   Data           1  dot.o(.data)
    Flag_front                               0x20000015   Data           1  dot.o(.data)
    Flag_back                                0x20000016   Data           1  dot.o(.data)
    Flag_Left                                0x20000017   Data           1  dot.o(.data)
    Flag_Right                               0x20000018   Data           1  dot.o(.data)
    Flag_Stop                                0x20000019   Data           1  dot.o(.data)
    Flag_Show                                0x2000001a   Data           1  dot.o(.data)
    Motor_Left                               0x2000001c   Data           4  dot.o(.data)
    Motor_Right                              0x20000020   Data           4  dot.o(.data)
    Temperature                              0x20000024   Data           4  dot.o(.data)
    Voltage                                  0x20000028   Data           4  dot.o(.data)
    Angle_Balance                            0x2000002c   Data           4  dot.o(.data)
    Gyro_Balance                             0x20000030   Data           4  dot.o(.data)
    Gyro_Turn                                0x20000034   Data           4  dot.o(.data)
    Distance                                 0x20000038   Data           4  dot.o(.data)
    delay_50                                 0x2000003c   Data           1  dot.o(.data)
    delay_flag                               0x2000003d   Data           1  dot.o(.data)
    PID_Send                                 0x2000003e   Data           1  dot.o(.data)
    Flag_follow                              0x2000003f   Data           1  dot.o(.data)
    Flag_avoid                               0x20000040   Data           1  dot.o(.data)
    Acceleration_Z                           0x20000044   Data           4  dot.o(.data)
    Balance_Kp                               0x20000048   Data           4  dot.o(.data)
    Balance_Kd                               0x2000004c   Data           4  dot.o(.data)
    Velocity_Kp                              0x20000050   Data           4  dot.o(.data)
    Velocity_Ki                              0x20000054   Data           4  dot.o(.data)
    Turn_Kp                                  0x20000058   Data           4  dot.o(.data)
    Turn_Kd                                  0x2000005c   Data           4  dot.o(.data)
    vl5310_flag                              0x20000060   Data           1  dot.o(.data)
    num                                      0x20000064   Data           4  dot.o(.data)
    __stdout                                 0x20000080   Data           4  usart.o(.data)
    cnt                                      0x20000084   Data           1  usart3.o(.data)
    cntPre                                   0x20000085   Data           1  usart3.o(.data)
    remot_moto                               0x20000086   Data           2  usart3.o(.data)
    remot_angle                              0x20000088   Data           2  usart3.o(.data)
    gyro                                     0x2000008c   Data           6  mpu6050.o(.data)
    accel                                    0x20000092   Data           6  mpu6050.o(.data)
    sensors                                  0x20000098   Data           2  mpu6050.o(.data)
    Roll                                     0x2000009c   Data           4  mpu6050.o(.data)
    Pitch                                    0x200000a0   Data           4  mpu6050.o(.data)
    Yaw                                      0x200000a4   Data           4  mpu6050.o(.data)
    q0                                       0x200000a8   Data           4  mpu6050.o(.data)
    q1                                       0x200000ac   Data           4  mpu6050.o(.data)
    q2                                       0x200000b0   Data           4  mpu6050.o(.data)
    q3                                       0x200000b4   Data           4  mpu6050.o(.data)
    Gx_offset                                0x200000c2   Data           2  mpu6050.o(.data)
    Gy_offset                                0x200000c4   Data           2  mpu6050.o(.data)
    Gz_offset                                0x200000c6   Data           2  mpu6050.o(.data)
    USART_RX_STA                             0x200000c8   Data           2  usart2.o(.data)
    t                                        0x200000cc   Data           1  control.o(.data)
    n                                        0x200000cd   Data           1  control.o(.data)
    ANGLE                                    0x200000ce   Data           5  control.o(.data)
    GRO                                      0x200000d3   Data           5  control.o(.data)
    SPEED                                    0x200000d8   Data           4  control.o(.data)
    data_oth                                 0x200000dc   Data           5  control.o(.data)
    vol_low                                  0x200000e1   Data           1  control.o(.data)
    vol_low_time                             0x200000e2   Data           1  control.o(.data)
    dt                                       0x20000150   Data           4  filter.o(.data)
    Velocity_Left                            0x200001d4   Data           4  show.o(.data)
    Velocity_Right                           0x200001d8   Data           4  show.o(.data)
    DefaultTuningSettings                    0x200001dc   Data         243  vl53l0x_api.o(.data)
    InterruptThresholdSettings               0x200002cf   Data         438  vl53l0x_api.o(.data)
    refArrayQuadrants                        0x20000488   Data          16  vl53l0x_api_calibration_1.o(.data)
    AjustOK                                  0x20000498   Data           1  vl53l0x.o(.data)
    Mode_data                                0x20000499   Data          56  vl53l0x.o(.data)
    Distance_data                            0x200004d2   Data           2  vl53l0x_gen.o(.data)
    AlarmModes                               0x200004d4   Data          12  vl53l0x_it.o(.data)
    alarm_flag                               0x200004e0   Data           1  vl53l0x_it.o(.data)
    RX_buf                                   0x200004e4   Data          20  usart3.o(.bss)
    buffer                                   0x200004f8   Data          14  mpu6050.o(.bss)
    MPU6050_FIFO                             0x20000506   Data         132  mpu6050.o(.bss)
    USART_RX_BUF                             0x2000058a   Data          20  usart2.o(.bss)
    vl53l0x_dev1                             0x200005d0   Data         352  vl53l0x.o(.bss)
    vl53l0x_dev2                             0x20000730   Data         352  vl53l0x.o(.bss)
    vl53l0x_dev_info1                        0x20000890   Data          99  vl53l0x.o(.bss)
    vl53l0x_dev_info2                        0x200008f3   Data          99  vl53l0x.o(.bss)
    vl53l0x_data                             0x20000958   Data          28  vl53l0x_gen.o(.bss)
    Vl53l0x_adjust                           0x20000994   Data          24  vl53l0x_cali.o(.bss)
    Vl53l0x_data                             0x200009ac   Data          24  vl53l0x_cali.o(.bss)
    __libspace_start                         0x200009c4   Data          96  libspace.o(.bss)
    __temporary_stack_top$libspace           0x20000a24   Data           0  libspace.o(.bss)



==============================================================================

Memory Map of the image

  Image Entry point : 0x080000ed

  Load Region LR_IROM1 (Base: 0x08000000, Size: 0x000147fc, Max: 0x00020000, ABSOLUTE, COMPRESSED[0x00014624])

    Execution Region ER_IROM1 (Exec base: 0x08000000, Load base: 0x08000000, Size: 0x00014318, Max: 0x00020000, ABSOLUTE)

    Exec Addr    Load Addr    Size         Type   Attr      Idx    E Section Name        Object

    0x08000000   0x08000000   0x000000ec   Data   RO          286    RESET               startup_stm32f10x_md.o
    0x080000ec   0x080000ec   0x00000008   Code   RO         1180  * !!!main             c_w.l(__main.o)
    0x080000f4   0x080000f4   0x00000034   Code   RO         1611    !!!scatter          c_w.l(__scatter.o)
    0x08000128   0x08000128   0x0000005a   Code   RO         1609    !!dczerorl2         c_w.l(__dczerorl2.o)
    0x08000182   0x08000182   0x00000002   PAD
    0x08000184   0x08000184   0x0000001c   Code   RO         1613    !!handler_zi        c_w.l(__scatter_zi.o)
    0x080001a0   0x080001a0   0x00000000   Code   RO         1161    .ARM.Collect$$_printf_percent$$00000000  c_w.l(_printf_percent.o)
    0x080001a0   0x080001a0   0x00000006   Code   RO         1160    .ARM.Collect$$_printf_percent$$00000003  c_w.l(_printf_f.o)
    0x080001a6   0x080001a6   0x00000006   Code   RO         1159    .ARM.Collect$$_printf_percent$$00000009  c_w.l(_printf_d.o)
    0x080001ac   0x080001ac   0x00000004   Code   RO         1281    .ARM.Collect$$_printf_percent$$00000017  c_w.l(_printf_percent_end.o)
    0x080001b0   0x080001b0   0x00000002   Code   RO         1435    .ARM.Collect$$libinit$$00000000  c_w.l(libinit.o)
    0x080001b2   0x080001b2   0x00000000   Code   RO         1437    .ARM.Collect$$libinit$$00000002  c_w.l(libinit2.o)
    0x080001b2   0x080001b2   0x00000000   Code   RO         1439    .ARM.Collect$$libinit$$00000004  c_w.l(libinit2.o)
    0x080001b2   0x080001b2   0x00000000   Code   RO         1442    .ARM.Collect$$libinit$$0000000A  c_w.l(libinit2.o)
    0x080001b2   0x080001b2   0x00000000   Code   RO         1444    .ARM.Collect$$libinit$$0000000C  c_w.l(libinit2.o)
    0x080001b2   0x080001b2   0x00000000   Code   RO         1446    .ARM.Collect$$libinit$$0000000E  c_w.l(libinit2.o)
    0x080001b2   0x080001b2   0x00000006   Code   RO         1447    .ARM.Collect$$libinit$$0000000F  c_w.l(libinit2.o)
    0x080001b8   0x080001b8   0x00000000   Code   RO         1449    .ARM.Collect$$libinit$$00000011  c_w.l(libinit2.o)
    0x080001b8   0x080001b8   0x0000000c   Code   RO         1450    .ARM.Collect$$libinit$$00000012  c_w.l(libinit2.o)
    0x080001c4   0x080001c4   0x00000000   Code   RO         1451    .ARM.Collect$$libinit$$00000013  c_w.l(libinit2.o)
    0x080001c4   0x080001c4   0x00000000   Code   RO         1453    .ARM.Collect$$libinit$$00000015  c_w.l(libinit2.o)
    0x080001c4   0x080001c4   0x0000000a   Code   RO         1454    .ARM.Collect$$libinit$$00000016  c_w.l(libinit2.o)
    0x080001ce   0x080001ce   0x00000000   Code   RO         1455    .ARM.Collect$$libinit$$00000017  c_w.l(libinit2.o)
    0x080001ce   0x080001ce   0x00000000   Code   RO         1457    .ARM.Collect$$libinit$$00000019  c_w.l(libinit2.o)
    0x080001ce   0x080001ce   0x00000000   Code   RO         1459    .ARM.Collect$$libinit$$0000001B  c_w.l(libinit2.o)
    0x080001ce   0x080001ce   0x00000000   Code   RO         1461    .ARM.Collect$$libinit$$0000001D  c_w.l(libinit2.o)
    0x080001ce   0x080001ce   0x00000000   Code   RO         1463    .ARM.Collect$$libinit$$0000001F  c_w.l(libinit2.o)
    0x080001ce   0x080001ce   0x00000000   Code   RO         1465    .ARM.Collect$$libinit$$00000021  c_w.l(libinit2.o)
    0x080001ce   0x080001ce   0x00000000   Code   RO         1467    .ARM.Collect$$libinit$$00000023  c_w.l(libinit2.o)
    0x080001ce   0x080001ce   0x00000000   Code   RO         1469    .ARM.Collect$$libinit$$00000025  c_w.l(libinit2.o)
    0x080001ce   0x080001ce   0x00000000   Code   RO         1473    .ARM.Collect$$libinit$$0000002C  c_w.l(libinit2.o)
    0x080001ce   0x080001ce   0x00000000   Code   RO         1475    .ARM.Collect$$libinit$$0000002E  c_w.l(libinit2.o)
    0x080001ce   0x080001ce   0x00000000   Code   RO         1477    .ARM.Collect$$libinit$$00000030  c_w.l(libinit2.o)
    0x080001ce   0x080001ce   0x00000000   Code   RO         1479    .ARM.Collect$$libinit$$00000032  c_w.l(libinit2.o)
    0x080001ce   0x080001ce   0x00000002   Code   RO         1480    .ARM.Collect$$libinit$$00000033  c_w.l(libinit2.o)
    0x080001d0   0x080001d0   0x00000002   Code   RO         1558    .ARM.Collect$$libshutdown$$00000000  c_w.l(libshutdown.o)
    0x080001d2   0x080001d2   0x00000000   Code   RO         1580    .ARM.Collect$$libshutdown$$00000003  c_w.l(libshutdown2.o)
    0x080001d2   0x080001d2   0x00000000   Code   RO         1583    .ARM.Collect$$libshutdown$$00000006  c_w.l(libshutdown2.o)
    0x080001d2   0x080001d2   0x00000000   Code   RO         1586    .ARM.Collect$$libshutdown$$00000009  c_w.l(libshutdown2.o)
    0x080001d2   0x080001d2   0x00000000   Code   RO         1588    .ARM.Collect$$libshutdown$$0000000B  c_w.l(libshutdown2.o)
    0x080001d2   0x080001d2   0x00000000   Code   RO         1591    .ARM.Collect$$libshutdown$$0000000E  c_w.l(libshutdown2.o)
    0x080001d2   0x080001d2   0x00000002   Code   RO         1592    .ARM.Collect$$libshutdown$$0000000F  c_w.l(libshutdown2.o)
    0x080001d4   0x080001d4   0x00000000   Code   RO         1266    .ARM.Collect$$rtentry$$00000000  c_w.l(__rtentry.o)
    0x080001d4   0x080001d4   0x00000000   Code   RO         1337    .ARM.Collect$$rtentry$$00000002  c_w.l(__rtentry2.o)
    0x080001d4   0x080001d4   0x00000006   Code   RO         1349    .ARM.Collect$$rtentry$$00000004  c_w.l(__rtentry4.o)
    0x080001da   0x080001da   0x00000000   Code   RO         1339    .ARM.Collect$$rtentry$$00000009  c_w.l(__rtentry2.o)
    0x080001da   0x080001da   0x00000004   Code   RO         1340    .ARM.Collect$$rtentry$$0000000A  c_w.l(__rtentry2.o)
    0x080001de   0x080001de   0x00000000   Code   RO         1342    .ARM.Collect$$rtentry$$0000000C  c_w.l(__rtentry2.o)
    0x080001de   0x080001de   0x00000008   Code   RO         1343    .ARM.Collect$$rtentry$$0000000D  c_w.l(__rtentry2.o)
    0x080001e6   0x080001e6   0x00000002   Code   RO         1483    .ARM.Collect$$rtexit$$00000000  c_w.l(rtexit.o)
    0x080001e8   0x080001e8   0x00000000   Code   RO         1514    .ARM.Collect$$rtexit$$00000002  c_w.l(rtexit2.o)
    0x080001e8   0x080001e8   0x00000004   Code   RO         1515    .ARM.Collect$$rtexit$$00000003  c_w.l(rtexit2.o)
    0x080001ec   0x080001ec   0x00000006   Code   RO         1516    .ARM.Collect$$rtexit$$00000004  c_w.l(rtexit2.o)
    0x080001f2   0x080001f2   0x00000002   PAD
    0x080001f4   0x080001f4   0x0000000c   Code   RO          617    .emb_text           sys.o
    0x08000200   0x08000200   0x0000001a   Code   RO            1    .text               stm32f10x_it.o
    0x0800021a   0x0800021a   0x00000002   PAD
    0x0800021c   0x0800021c   0x000001e0   Code   RO          104    .text               system_stm32f10x.o
    0x080003fc   0x080003fc   0x00000200   Code   RO          122    .text               dot.o
    0x080005fc   0x080005fc   0x00000040   Code   RO          287    .text               startup_stm32f10x_md.o
    0x0800063c   0x0800063c   0x000000dc   Code   RO          291    .text               misc.o
    0x08000718   0x08000718   0x0000044e   Code   RO          329    .text               stm32f10x_adc.o
    0x08000b66   0x08000b66   0x00000002   PAD
    0x08000b68   0x08000b68   0x0000011c   Code   RO          425    .text               stm32f10x_exti.o
    0x08000c84   0x08000c84   0x0000035c   Code   RO          461    .text               stm32f10x_gpio.o
    0x08000fe0   0x08000fe0   0x000003a4   Code   RO          509    .text               stm32f10x_rcc.o
    0x08001384   0x08001384   0x00000e1a   Code   RO          559    .text               stm32f10x_tim.o
    0x0800219e   0x0800219e   0x00000002   PAD
    0x080021a0   0x080021a0   0x00000408   Code   RO          571    .text               stm32f10x_usart.o
    0x080025a8   0x080025a8   0x000000d4   Code   RO          595    .text               delay.o
    0x0800267c   0x0800267c   0x000002bc   Code   RO          618    .text               sys.o
    0x08002938   0x08002938   0x000000c8   Code   RO          633    .text               usart.o
    0x08002a00   0x08002a00   0x000000b4   Code   RO          652    .text               adc.o
    0x08002ab4   0x08002ab4   0x000001b8   Code   RO          664    .text               encoder.o
    0x08002c6c   0x08002c6c   0x00000536   Code   RO          691    .text               ioi2c.o
    0x080031a2   0x080031a2   0x00000002   PAD
    0x080031a4   0x080031a4   0x00000038   Code   RO          703    .text               key.o
    0x080031dc   0x080031dc   0x00000134   Code   RO          715    .text               motor.o
    0x08003310   0x08003310   0x00000456   Code   RO          727    .text               oled.o
    0x08003766   0x08003766   0x00000002   PAD
    0x08003768   0x08003768   0x0000005c   Code   RO          755    .text               timer.o
    0x080037c4   0x080037c4   0x00000510   Code   RO          767    .text               usart3.o
    0x08003cd4   0x08003cd4   0x000008b4   Code   RO          787    .text               mpu6050.o
    0x08004588   0x08004588   0x000004fc   Code   RO          811    .text               lcd.o
    0x08004a84   0x08004a84   0x00000364   Code   RO          829    .text               lcd_init.o
    0x08004de8   0x08004de8   0x000001d8   Code   RO          841    .text               usart2.o
    0x08004fc0   0x08004fc0   0x00000ecc   Code   RO          857    .text               control.o
    0x08005e8c   0x08005e8c   0x00001e90   Code   RO          872    .text               inv_mpu.o
    0x08007d1c   0x08007d1c   0x00000d70   Code   RO          896    .text               inv_mpu_dmp_motion_driver.o
    0x08008a8c   0x08008a8c   0x000005ac   Code   RO          911    .text               filter.o
    0x08009038   0x08009038   0x00000d10   Code   RO          927    .text               show.o
    0x08009d48   0x08009d48   0x000019ba   Code   RO          945    .text               vl53l0x_api.o
    0x0800b702   0x0800b702   0x00000002   PAD
    0x0800b704   0x0800b704   0x00000bfe   Code   RO          985    .text               vl53l0x_api_calibration_1.o
    0x0800c302   0x0800c302   0x00000002   PAD
    0x0800c304   0x0800c304   0x000016ec   Code   RO         1000    .text               vl53l0x_api_core.o
    0x0800d9f0   0x0800d9f0   0x00000944   Code   RO         1018    .text               vl53l0x_api_strings.o
    0x0800e334   0x0800e334   0x0000054c   Code   RO         1030    .text               vl53l0x_i2c.o
    0x0800e880   0x0800e880   0x000001e6   Code   RO         1042    .text               vl53l0x_platform.o
    0x0800ea66   0x0800ea66   0x00000002   PAD
    0x0800ea68   0x0800ea68   0x0000024c   Code   RO         1054    .text               vl53l0x.o
    0x0800ecb4   0x0800ecb4   0x0000023c   Code   RO         1073    .text               vl53l0x_gen.o
    0x0800eef0   0x0800eef0   0x00000094   Code   RO         1092    .text               vl53l0x_it.o
    0x0800ef84   0x0800ef84   0x00000002   Code   RO         1121    .text               c_w.l(use_no_semi_2.o)
    0x0800ef86   0x0800ef86   0x00000048   Code   RO         1123    .text               c_w.l(llsdiv.o)
    0x0800efce   0x0800efce   0x00000002   PAD
    0x0800efd0   0x0800efd0   0x00000018   Code   RO         1129    .text               c_w.l(noretval__2printf.o)
    0x0800efe8   0x0800efe8   0x00000028   Code   RO         1131    .text               c_w.l(noretval__2sprintf.o)
    0x0800f010   0x0800f010   0x0000004e   Code   RO         1135    .text               c_w.l(_printf_pad.o)
    0x0800f05e   0x0800f05e   0x00000002   PAD
    0x0800f060   0x0800f060   0x00000078   Code   RO         1137    .text               c_w.l(_printf_dec.o)
    0x0800f0d8   0x0800f0d8   0x00000138   Code   RO         1151    .text               c_w.l(__printf_flags_wp.o)
    0x0800f210   0x0800f210   0x00000024   Code   RO         1162    .text               c_w.l(strstr.o)
    0x0800f234   0x0800f234   0x00000058   Code   RO         1164    .text               c_w.l(memcmp.o)
    0x0800f28c   0x0800f28c   0x00000048   Code   RO         1166    .text               c_w.l(strcpy.o)
    0x0800f2d4   0x0800f2d4   0x0000003e   Code   RO         1168    .text               c_w.l(strlen.o)
    0x0800f312   0x0800f312   0x00000064   Code   RO         1170    .text               c_w.l(rt_memcpy_w.o)
    0x0800f376   0x0800f376   0x00000010   Code   RO         1172    .text               c_w.l(aeabi_memset.o)
    0x0800f386   0x0800f386   0x00000044   Code   RO         1174    .text               c_w.l(rt_memclr.o)
    0x0800f3ca   0x0800f3ca   0x0000004e   Code   RO         1176    .text               c_w.l(rt_memclr_w.o)
    0x0800f418   0x0800f418   0x00000006   Code   RO         1178    .text               c_w.l(heapauxi.o)
    0x0800f41e   0x0800f41e   0x00000002   Code   RO         1264    .text               c_w.l(use_no_semi.o)
    0x0800f420   0x0800f420   0x000000ee   Code   RO         1267    .text               c_w.l(lludivv7m.o)
    0x0800f50e   0x0800f50e   0x00000016   Code   RO         1269    .text               c_w.l(_rserrno.o)
    0x0800f524   0x0800f524   0x000000b2   Code   RO         1271    .text               c_w.l(_printf_intcommon.o)
    0x0800f5d6   0x0800f5d6   0x0000041a   Code   RO         1273    .text               c_w.l(_printf_fp_dec.o)
    0x0800f9f0   0x0800f9f0   0x00000030   Code   RO         1275    .text               c_w.l(_printf_char_common.o)
    0x0800fa20   0x0800fa20   0x0000000a   Code   RO         1277    .text               c_w.l(_sputc.o)
    0x0800fa2a   0x0800fa2a   0x00000002   PAD
    0x0800fa2c   0x0800fa2c   0x00000024   Code   RO         1279    .text               c_w.l(_printf_char_file.o)
    0x0800fa50   0x0800fa50   0x000000a0   Code   RO         1282    .text               c_w.l(strtod.o)
    0x0800faf0   0x0800faf0   0x00000008   Code   RO         1358    .text               c_w.l(rt_locale_intlibspace.o)
    0x0800faf8   0x0800faf8   0x00000008   Code   RO         1363    .text               c_w.l(rt_errno_addr_intlibspace.o)
    0x0800fb00   0x0800fb00   0x0000008a   Code   RO         1365    .text               c_w.l(lludiv10.o)
    0x0800fb8a   0x0800fb8a   0x00000012   Code   RO         1367    .text               c_w.l(isspace.o)
    0x0800fb9c   0x0800fb9c   0x00000080   Code   RO         1369    .text               c_w.l(_printf_fp_infnan.o)
    0x0800fc1c   0x0800fc1c   0x00000040   Code   RO         1373    .text               c_w.l(_sgetc.o)
    0x0800fc5c   0x0800fc5c   0x000000dc   Code   RO         1375    .text               c_w.l(bigflt0.o)
    0x0800fd38   0x0800fd38   0x00000008   Code   RO         1400    .text               c_w.l(ferror.o)
    0x0800fd40   0x0800fd40   0x00000008   Code   RO         1415    .text               c_w.l(libspace.o)
    0x0800fd48   0x0800fd48   0x0000004a   Code   RO         1418    .text               c_w.l(sys_stackheap_outer.o)
    0x0800fd92   0x0800fd92   0x00000002   PAD
    0x0800fd94   0x0800fd94   0x00000010   Code   RO         1420    .text               c_w.l(rt_ctype_table.o)
    0x0800fda4   0x0800fda4   0x000004a4   Code   RO         1424    .text               c_w.l(scanf_fp.o)
    0x08010248   0x08010248   0x0000000c   Code   RO         1426    .text               c_w.l(exit.o)
    0x08010254   0x08010254   0x00000080   Code   RO         1428    .text               c_w.l(strcmpv7m.o)
    0x080102d4   0x080102d4   0x00000318   Code   RO         1522    .text               c_w.l(scanf_hexfp.o)
    0x080105ec   0x080105ec   0x00000134   Code   RO         1524    .text               c_w.l(scanf_infnan.o)
    0x08010720   0x08010720   0x00000026   Code   RO         1544    .text               c_w.l(llshl.o)
    0x08010746   0x08010746   0x0000001c   Code   RO         1546    .text               c_w.l(_chval.o)
    0x08010762   0x08010762   0x0000003e   Code   RO         1378    CL$$btod_d2e        c_w.l(btod.o)
    0x080107a0   0x080107a0   0x00000046   Code   RO         1380    CL$$btod_d2e_denorm_low  c_w.l(btod.o)
    0x080107e6   0x080107e6   0x00000060   Code   RO         1379    CL$$btod_d2e_norm_op1  c_w.l(btod.o)
    0x08010846   0x08010846   0x00000338   Code   RO         1388    CL$$btod_div_common  c_w.l(btod.o)
    0x08010b7e   0x08010b7e   0x00000002   PAD
    0x08010b80   0x08010b80   0x00000054   Code   RO         1386    CL$$btod_e2d        c_w.l(btod.o)
    0x08010bd4   0x08010bd4   0x000000c6   Code   RO         1385    CL$$btod_e2e        c_w.l(btod.o)
    0x08010c9a   0x08010c9a   0x00000028   Code   RO         1382    CL$$btod_ediv       c_w.l(btod.o)
    0x08010cc2   0x08010cc2   0x00000028   Code   RO         1384    CL$$btod_edivd      c_w.l(btod.o)
    0x08010cea   0x08010cea   0x00000028   Code   RO         1381    CL$$btod_emul       c_w.l(btod.o)
    0x08010d12   0x08010d12   0x00000028   Code   RO         1383    CL$$btod_emuld      c_w.l(btod.o)
    0x08010d3a   0x08010d3a   0x00000244   Code   RO         1387    CL$$btod_mult_common  c_w.l(btod.o)
    0x08010f7e   0x08010f7e   0x00000028   Code   RO         1323    i.__ARM_fpclassify  m_ws.l(fpclassify.o)
    0x08010fa6   0x08010fa6   0x000000aa   Code   RO         1325    i.__kernel_poly     m_ws.l(poly.o)
    0x08011050   0x08011050   0x00000006   Code   RO         1310    i.__mathlib_dbl_infnan  m_ws.l(dunder.o)
    0x08011056   0x08011056   0x00000004   Code   RO         1311    i.__mathlib_dbl_infnan2  m_ws.l(dunder.o)
    0x0801105a   0x0801105a   0x0000000c   Code   RO         1312    i.__mathlib_dbl_invalid  m_ws.l(dunder.o)
    0x08011066   0x08011066   0x0000000e   Code   RO         1313    i.__mathlib_dbl_overflow  m_ws.l(dunder.o)
    0x08011074   0x08011074   0x00000010   Code   RO         1315    i.__mathlib_dbl_underflow  m_ws.l(dunder.o)
    0x08011084   0x08011084   0x00000010   Code   RO         1507    i.__mathlib_narrow  m_ws.l(narrow.o)
    0x08011094   0x08011094   0x00000088   Code   RO         1508    i.__mathlib_tofloat  m_ws.l(narrow.o)
    0x0801111c   0x0801111c   0x00000016   Code   RO         1560    i.__support_ldexp   m_ws.l(ldexp.o)
    0x08011132   0x08011132   0x0000000e   Code   RO         1149    i._is_digit         c_w.l(__printf_wp.o)
    0x08011140   0x08011140   0x00000270   Code   RO         1243    i.asin              m_ws.l(asin.o)
    0x080113b0   0x080113b0   0x00000220   Code   RO         1300    i.atan              m_ws.l(atan.o)
    0x080115d0   0x080115d0   0x00000180   Code   RO         1253    i.atan2             m_ws.l(atan2.o)
    0x08011750   0x08011750   0x00000058   Code   RO         1537    i.frexp             m_ws.l(frexp.o)
    0x080117a8   0x080117a8   0x00000074   Code   RO         1561    i.ldexp             m_ws.l(ldexp.o)
    0x0801181c   0x0801181c   0x0000004c   Code   RO         1329    i.sqrt              m_ws.l(sqrt.o)
    0x08011868   0x08011868   0x0000001c   Code   RO         1261    i.strtod            m_ws.l(strtod.o)
    0x08011884   0x08011884   0x0000002c   Code   RO         1405    locale$$code        c_w.l(lc_numeric_c.o)
    0x080118b0   0x080118b0   0x0000002c   Code   RO         1486    locale$$code        c_w.l(lc_ctype_c.o)
    0x080118dc   0x080118dc   0x00000062   Code   RO         1182    x$fpl$d2f           fz_ws.l(d2f.o)
    0x0801193e   0x0801193e   0x00000002   PAD
    0x08011940   0x08011940   0x00000150   Code   RO         1184    x$fpl$dadd          fz_ws.l(daddsub_clz.o)
    0x08011a90   0x08011a90   0x00000010   Code   RO         1407    x$fpl$dcheck1       fz_ws.l(dcheck1.o)
    0x08011aa0   0x08011aa0   0x00000018   Code   RO         1284    x$fpl$dcmpinf       fz_ws.l(dcmpi.o)
    0x08011ab8   0x08011ab8   0x000002b0   Code   RO         1191    x$fpl$ddiv          fz_ws.l(ddiv.o)
    0x08011d68   0x08011d68   0x00000078   Code   RO         1534    x$fpl$deqf          fz_ws.l(deqf.o)
    0x08011de0   0x08011de0   0x0000002e   Code   RO         1195    x$fpl$dflt          fz_ws.l(dflt_clz.o)
    0x08011e0e   0x08011e0e   0x00000002   PAD
    0x08011e10   0x08011e10   0x00000078   Code   RO         1200    x$fpl$dleqf         fz_ws.l(dleqf.o)
    0x08011e88   0x08011e88   0x00000154   Code   RO         1202    x$fpl$dmul          fz_ws.l(dmul.o)
    0x08011fdc   0x08011fdc   0x0000009c   Code   RO         1286    x$fpl$dnaninf       fz_ws.l(dnaninf.o)
    0x08012078   0x08012078   0x0000000c   Code   RO         1288    x$fpl$dretinf       fz_ws.l(dretinf.o)
    0x08012084   0x08012084   0x0000006c   Code   RO         1204    x$fpl$drleqf        fz_ws.l(drleqf.o)
    0x080120f0   0x080120f0   0x00000016   Code   RO         1185    x$fpl$drsb          fz_ws.l(daddsub_clz.o)
    0x08012106   0x08012106   0x00000002   PAD
    0x08012108   0x08012108   0x000001cc   Code   RO         1409    x$fpl$dsqrt         fz_ws.l(dsqrt_noumaal.o)
    0x080122d4   0x080122d4   0x000001d4   Code   RO         1186    x$fpl$dsub          fz_ws.l(daddsub_clz.o)
    0x080124a8   0x080124a8   0x00000056   Code   RO         1206    x$fpl$f2d           fz_ws.l(f2d.o)
    0x080124fe   0x080124fe   0x00000002   PAD
    0x08012500   0x08012500   0x000000c4   Code   RO         1208    x$fpl$fadd          fz_ws.l(faddsub_clz.o)
    0x080125c4   0x080125c4   0x00000018   Code   RO         1290    x$fpl$fcmpinf       fz_ws.l(fcmpi.o)
    0x080125dc   0x080125dc   0x00000184   Code   RO         1215    x$fpl$fdiv          fz_ws.l(fdiv.o)
    0x08012760   0x08012760   0x00000068   Code   RO         1218    x$fpl$feqf          fz_ws.l(feqf.o)
    0x080127c8   0x080127c8   0x00000036   Code   RO         1220    x$fpl$ffix          fz_ws.l(ffix.o)
    0x080127fe   0x080127fe   0x00000002   PAD
    0x08012800   0x08012800   0x0000003e   Code   RO         1224    x$fpl$ffixu         fz_ws.l(ffixu.o)
    0x0801283e   0x0801283e   0x00000002   PAD
    0x08012840   0x08012840   0x00000030   Code   RO         1229    x$fpl$fflt          fz_ws.l(fflt_clz.o)
    0x08012870   0x08012870   0x00000026   Code   RO         1228    x$fpl$ffltu         fz_ws.l(fflt_clz.o)
    0x08012896   0x08012896   0x00000002   PAD
    0x08012898   0x08012898   0x00000068   Code   RO         1234    x$fpl$fleqf         fz_ws.l(fleqf.o)
    0x08012900   0x08012900   0x00000102   Code   RO         1236    x$fpl$fmul          fz_ws.l(fmul.o)
    0x08012a02   0x08012a02   0x0000008c   Code   RO         1292    x$fpl$fnaninf       fz_ws.l(fnaninf.o)
    0x08012a8e   0x08012a8e   0x0000000a   Code   RO         1294    x$fpl$fretinf       fz_ws.l(fretinf.o)
    0x08012a98   0x08012a98   0x00000062   Code   RO         1238    x$fpl$frleqf        fz_ws.l(frleqf.o)
    0x08012afa   0x08012afa   0x00000014   Code   RO         1209    x$fpl$frsb          fz_ws.l(faddsub_clz.o)
    0x08012b0e   0x08012b0e   0x00000002   PAD
    0x08012b10   0x08012b10   0x000000ea   Code   RO         1210    x$fpl$fsub          fz_ws.l(faddsub_clz.o)
    0x08012bfa   0x08012bfa   0x00000004   Code   RO         1240    x$fpl$printf1       fz_ws.l(printf1.o)
    0x08012bfe   0x08012bfe   0x00000064   Code   RO         1481    x$fpl$retnan        fz_ws.l(retnan.o)
    0x08012c62   0x08012c62   0x0000005c   Code   RO         1296    x$fpl$scalbn        fz_ws.l(scalbn.o)
    0x08012cbe   0x08012cbe   0x00000004   Code   RO         1413    x$fpl$scanf1        fz_ws.l(scanf1.o)
    0x08012cc2   0x08012cc2   0x00000008   Code   RO         1499    x$fpl$scanf2        fz_ws.l(scanf2.o)
    0x08012cca   0x08012cca   0x00000030   Code   RO         1505    x$fpl$trapveneer    fz_ws.l(trapv.o)
    0x08012cfa   0x08012cfa   0x00000000   Code   RO         1298    x$fpl$usenofp       fz_ws.l(usenofp.o)
    0x08012cfa   0x08012cfa   0x00000228   Data   RO          728    .constdata          oled.o
    0x08012f22   0x08012f22   0x00000474   Data   RO          812    .constdata          lcd.o
    0x08013396   0x08013396   0x00000002   PAD
    0x08013398   0x08013398   0x00000050   Data   RO          873    .constdata          inv_mpu.o
    0x080133e8   0x080133e8   0x00000bf6   Data   RO          898    .constdata          inv_mpu_dmp_motion_driver.o
    0x08013fde   0x08013fde   0x00000011   Data   RO         1152    .constdata          c_w.l(__printf_flags_wp.o)
    0x08013fef   0x08013fef   0x00000001   PAD
    0x08013ff0   0x08013ff0   0x00000050   Data   RO         1244    .constdata          m_ws.l(asin.o)
    0x08014040   0x08014040   0x00000098   Data   RO         1301    .constdata          m_ws.l(atan.o)
    0x080140d8   0x080140d8   0x00000008   Data   RO         1327    .constdata          m_ws.l(qnan.o)
    0x080140e0   0x080140e0   0x00000094   Data   RO         1376    .constdata          c_w.l(bigflt0.o)
    0x08014174   0x08014174   0x0000004e   Data   RO          874    .conststring        inv_mpu.o
    0x080141c2   0x080141c2   0x00000002   PAD
    0x080141c4   0x080141c4   0x00000020   Data   RO         1607    Region$$Table       anon$$obj.o
    0x080141e4   0x080141e4   0x00000008   Data   RO         1494    c$$dinf             fz_ws.l(fpconst.o)
    0x080141ec   0x080141ec   0x0000001c   Data   RO         1404    locale$$data        c_w.l(lc_numeric_c.o)
    0x08014208   0x08014208   0x00000110   Data   RO         1485    locale$$data        c_w.l(lc_ctype_c.o)


    Execution Region RW_IRAM1 (Exec base: 0x20000000, Load base: 0x08014318, Size: 0x00001028, Max: 0x00005000, ABSOLUTE, COMPRESSED[0x0000030c])

    Exec Addr    Load Addr    Size         Type   Attr      Idx    E Section Name        Object

    0x20000000   COMPRESSED   0x00000014   Data   RW          105    .data               system_stm32f10x.o
    0x20000014   COMPRESSED   0x00000054   Data   RW          123    .data               dot.o
    0x20000068   COMPRESSED   0x00000014   Data   RW          510    .data               stm32f10x_rcc.o
    0x2000007c   COMPRESSED   0x00000004   Data   RW          596    .data               delay.o
    0x20000080   COMPRESSED   0x00000004   Data   RW          634    .data               usart.o
    0x20000084   COMPRESSED   0x00000006   Data   RW          769    .data               usart3.o
    0x2000008a   COMPRESSED   0x00000002   PAD
    0x2000008c   COMPRESSED   0x0000003c   Data   RW          789    .data               mpu6050.o
    0x200000c8   COMPRESSED   0x00000002   Data   RW          843    .data               usart2.o
    0x200000ca   COMPRESSED   0x00000002   PAD
    0x200000cc   COMPRESSED   0x00000058   Data   RW          858    .data               control.o
    0x20000124   COMPRESSED   0x0000002c   Data   RW          875    .data               inv_mpu.o
    0x20000150   COMPRESSED   0x00000084   Data   RW          913    .data               filter.o
    0x200001d4   COMPRESSED   0x00000008   Data   RW          928    .data               show.o
    0x200001dc   COMPRESSED   0x000002a9   Data   RW          946    .data               vl53l0x_api.o
    0x20000485   COMPRESSED   0x00000003   PAD
    0x20000488   COMPRESSED   0x00000010   Data   RW          986    .data               vl53l0x_api_calibration_1.o
    0x20000498   COMPRESSED   0x00000039   Data   RW         1056    .data               vl53l0x.o
    0x200004d1   COMPRESSED   0x00000001   PAD
    0x200004d2   COMPRESSED   0x00000002   Data   RW         1075    .data               vl53l0x_gen.o
    0x200004d4   COMPRESSED   0x0000000d   Data   RW         1093    .data               vl53l0x_it.o
    0x200004e1   COMPRESSED   0x00000003   PAD
    0x200004e4        -       0x00000014   Zero   RW          768    .bss                usart3.o
    0x200004f8        -       0x00000092   Zero   RW          788    .bss                mpu6050.o
    0x2000058a        -       0x00000014   Zero   RW          842    .bss                usart2.o
    0x2000059e   COMPRESSED   0x00000002   PAD
    0x200005a0        -       0x00000010   Zero   RW          897    .bss                inv_mpu_dmp_motion_driver.o
    0x200005b0        -       0x00000020   Zero   RW          912    .bss                filter.o
    0x200005d0        -       0x00000386   Zero   RW         1055    .bss                vl53l0x.o
    0x20000956   COMPRESSED   0x00000002   PAD
    0x20000958        -       0x0000003c   Zero   RW         1074    .bss                vl53l0x_gen.o
    0x20000994        -       0x00000030   Zero   RW         1107    .bss                vl53l0x_cali.o
    0x200009c4        -       0x00000060   Zero   RW         1416    .bss                c_w.l(libspace.o)
    0x20000a24   COMPRESSED   0x00000004   PAD
    0x20000a28        -       0x00000200   Zero   RW          285    HEAP                startup_stm32f10x_md.o
    0x20000c28        -       0x00000400   Zero   RW          284    STACK               startup_stm32f10x_md.o


==============================================================================

Image component sizes


      Code (inc. data)   RO Data    RW Data    ZI Data      Debug   Object Name

       180         10          0          0          0        972   adc.o
      3788        486          0         88          0       6517   control.o
         0          0          0          0          0         32   core_cm3.o
       212         18          0          4          0       1095   delay.o
       512         96          0         84          0      17831   dot.o
       440         16          0          0          0       1567   encoder.o
      1452        170          0        132         32       2477   filter.o
      7824        172        158         44          0      20971   inv_mpu.o
      3440        126       3062          0         16      14843   inv_mpu_dmp_motion_driver.o
      1334         26          0          0          0       5534   ioi2c.o
        56          8          0          0          0        716   key.o
      1276         10       1140          0          0       6396   lcd.o
       868         16          0          0          0       2046   lcd_init.o
       220         22          0          0          0     216621   misc.o
       308         26          0          0          0       1030   motor.o
      2228        404          0         60        146      20954   mpu6050.o
      1110          8        552          0          0       5282   oled.o
      3344        316          0          8          0       2021   show.o
        64         26        236          0       1536        828   startup_stm32f10x_md.o
      1102         26          0          0          0      10905   stm32f10x_adc.o
       284         10          0          0          0       2303   stm32f10x_exti.o
       860         38          0          0          0       5717   stm32f10x_gpio.o
        26          0          0          0          0     251102   stm32f10x_it.o
       932         36          0         20          0       8924   stm32f10x_rcc.o
      3610         88          0          0          0      22200   stm32f10x_tim.o
      1032         22          0          0          0       8444   stm32f10x_usart.o
       712         44          0          0          0       2815   sys.o
       480         38          0         20          0       1851   system_stm32f10x.o
        92         10          0          0          0        594   timer.o
       200         16          0          4          0       2914   usart.o
       472         32          0          2         20       1631   usart2.o
      1296        110          0          6         20       3253   usart3.o
       588         56          0         57        902       3943   vl53l0x.o
      6586         70          0        681          0      37545   vl53l0x_api.o
      3070         12          0         16          0      14332   vl53l0x_api_calibration_1.o
      5868         16          0          0          0      20264   vl53l0x_api_core.o
      2372       1266          0          0          0       4493   vl53l0x_api_strings.o
         0          0          0          0         48        958   vl53l0x_cali.o
       572         30          0          2         60       2813   vl53l0x_gen.o
      1356         12          0          0          0       6563   vl53l0x_i2c.o
       148         12          0         13          0       1878   vl53l0x_it.o
       486          0          0          0          0       4411   vl53l0x_platform.o

    ----------------------------------------------------------------------
     60816       3900       5184       1252       2784     747586   Object Totals
         0          0         32          0          0          0   (incl. Generated)
        16          0          4         11          4          0   (incl. Padding)

    ----------------------------------------------------------------------

      Code (inc. data)   RO Data    RW Data    ZI Data      Debug   Library Member Name

        90          0          0          0          0          0   __dczerorl2.o
         8          0          0          0          0         68   __main.o
       312          4         17          0          0         92   __printf_flags_wp.o
        14          0          0          0          0         68   __printf_wp.o
         0          0          0          0          0          0   __rtentry.o
        12          0          0          0          0          0   __rtentry2.o
         6          0          0          0          0          0   __rtentry4.o
        52          8          0          0          0          0   __scatter.o
        28          0          0          0          0          0   __scatter_zi.o
        28          0          0          0          0         68   _chval.o
        48          6          0          0          0         96   _printf_char_common.o
        36          4          0          0          0         80   _printf_char_file.o
         6          0          0          0          0          0   _printf_d.o
       120         16          0          0          0         92   _printf_dec.o
         6          0          0          0          0          0   _printf_f.o
      1050          0          0          0          0        216   _printf_fp_dec.o
       128         16          0          0          0         84   _printf_fp_infnan.o
       178          0          0          0          0         88   _printf_intcommon.o
        78          0          0          0          0        108   _printf_pad.o
         0          0          0          0          0          0   _printf_percent.o
         4          0          0          0          0          0   _printf_percent_end.o
        22          0          0          0          0        100   _rserrno.o
        64          0          0          0          0         84   _sgetc.o
        10          0          0          0          0         68   _sputc.o
        16          0          0          0          0         68   aeabi_memset.o
       220          4        148          0          0         96   bigflt0.o
      2074        132          0          0          0        940   btod.o
        12          0          0          0          0         72   exit.o
         8          0          0          0          0         68   ferror.o
         6          0          0          0          0        152   heapauxi.o
        18          0          0          0          0         76   isspace.o
        44         10        272          0          0         76   lc_ctype_c.o
        44         10         28          0          0         76   lc_numeric_c.o
         2          0          0          0          0          0   libinit.o
        30          0          0          0          0          0   libinit2.o
         2          0          0          0          0          0   libshutdown.o
         2          0          0          0          0          0   libshutdown2.o
         8          4          0          0         96         68   libspace.o
        72          0          0          0          0         76   llsdiv.o
        38          0          0          0          0         68   llshl.o
       138          0          0          0          0         80   lludiv10.o
       238          0          0          0          0        100   lludivv7m.o
        88          0          0          0          0         76   memcmp.o
        24          4          0          0          0         84   noretval__2printf.o
        40          6          0          0          0         84   noretval__2sprintf.o
        16          4          0          0          0         76   rt_ctype_table.o
         8          4          0          0          0         68   rt_errno_addr_intlibspace.o
         8          4          0          0          0         68   rt_locale_intlibspace.o
        68          0          0          0          0         68   rt_memclr.o
        78          0          0          0          0         80   rt_memclr_w.o
       100          0          0          0          0         80   rt_memcpy_w.o
         2          0          0          0          0          0   rtexit.o
        10          0          0          0          0          0   rtexit2.o
      1188         12          0          0          0        148   scanf_fp.o
       792         14          0          0          0        100   scanf_hexfp.o
       308         16          0          0          0        100   scanf_infnan.o
       128          0          0          0          0         68   strcmpv7m.o
        72          0          0          0          0         80   strcpy.o
        62          0          0          0          0         76   strlen.o
        36          0          0          0          0         80   strstr.o
       160         12          0          0          0        120   strtod.o
        74          0          0          0          0         80   sys_stackheap_outer.o
         2          0          0          0          0         68   use_no_semi.o
         2          0          0          0          0         68   use_no_semi_2.o
        98          4          0          0          0         92   d2f.o
       826         16          0          0          0        348   daddsub_clz.o
        16          4          0          0          0         68   dcheck1.o
        24          0          0          0          0         68   dcmpi.o
       688        140          0          0          0        208   ddiv.o
       120          4          0          0          0         92   deqf.o
        46          0          0          0          0         68   dflt_clz.o
       120          4          0          0          0         92   dleqf.o
       340         12          0          0          0        104   dmul.o
       156          4          0          0          0         92   dnaninf.o
        12          0          0          0          0         68   dretinf.o
       108          0          0          0          0         80   drleqf.o
       460         56          0          0          0        120   dsqrt_noumaal.o
        86          4          0          0          0         84   f2d.o
       450          8          0          0          0        236   faddsub_clz.o
        24          0          0          0          0         68   fcmpi.o
       388         76          0          0          0         96   fdiv.o
       104          4          0          0          0         84   feqf.o
        54          4          0          0          0         84   ffix.o
        62          4          0          0          0         84   ffixu.o
        86          0          0          0          0        136   fflt_clz.o
       104          4          0          0          0         84   fleqf.o
       258          4          0          0          0         84   fmul.o
       140          4          0          0          0         84   fnaninf.o
         0          0          8          0          0          0   fpconst.o
        10          0          0          0          0         68   fretinf.o
        98          0          0          0          0         68   frleqf.o
         4          0          0          0          0         68   printf1.o
       100          0          0          0          0         68   retnan.o
        92          0          0          0          0         68   scalbn.o
         4          0          0          0          0         68   scanf1.o
         8          0          0          0          0         84   scanf2.o
        48          0          0          0          0         68   trapv.o
         0          0          0          0          0          0   usenofp.o
       624         52         80          0          0        168   asin.o
       544         70        152          0          0        124   atan.o
       384         38          0          0          0        144   atan2.o
        52          6          0          0          0        340   dunder.o
        40          0          0          0          0         68   fpclassify.o
        88          8          0          0          0         76   frexp.o
       138          0          0          0          0        160   ldexp.o
       152          4          0          0          0        168   narrow.o
       170          0          0          0          0         96   poly.o
         0          0          8          0          0          0   qnan.o
        76          0          0          0          0         84   sqrt.o
        28          0          0          0          0         80   strtod.o

    ----------------------------------------------------------------------
     15998        826        714          0        100       9692   Library Totals
        30          2          1          0          4          0   (incl. Padding)

    ----------------------------------------------------------------------

      Code (inc. data)   RO Data    RW Data    ZI Data      Debug   Library Name

      8538        290        465          0         96       5000   c_w.l
      5134        356          8          0          0       3184   fz_ws.l
      2296        178        240          0          0       1508   m_ws.l

    ----------------------------------------------------------------------
     15998        826        714          0        100       9692   Library Totals

    ----------------------------------------------------------------------

==============================================================================


      Code (inc. data)   RO Data    RW Data    ZI Data      Debug   

     76814       4726       5898       1252       2884     748330   Grand Totals
     76814       4726       5898        780       2884     748330   ELF Image Totals (compressed)
     76814       4726       5898        780          0          0   ROM Totals

==============================================================================

    Total RO  Size (Code + RO Data)                82712 (  80.77kB)
    Total RW  Size (RW Data + ZI Data)              4136 (   4.04kB)
    Total ROM Size (Code + RO Data + RW Data)      83492 (  81.54kB)

==============================================================================

